../Core/Src/../../servo/servo.h:27:2:servo_motor::servo_motor(TIM_HandleTypeDef*, uint32_t)	24	static
../Core/Src/main.cpp:62:6:void HAL_TIM_PeriodElapsedCallback(TIM_HandleTypeDef*)	16	static
../Core/Src/main.cpp:76:5:int main()	16	static
../Core/Src/main.cpp:142:6:void SystemClock_Config()	72	static
../Core/Src/main.cpp:181:13:void MX_TIM1_Init()	96	static
../Core/Src/main.cpp:255:13:void MX_TIM2_Init()	64	static
../Core/Src/main.cpp:322:13:void MX_GPIO_Init()	32	static
../Core/Src/main.cpp:350:6:void Error_Handler()	4	static,ignoring_inline_asm
../Core/Src/main.cpp:369:6:void assert_failed(uint8_t*, uint32_t)	16	static
../Core/Src/main.cpp:375:1:void __static_initialization_and_destruction_0(int, int)	16	static
../Core/Src/main.cpp:375:1:cpp)	8	static
