../Core/Src/../../servo/servo.h:27:2:servo_motor::servo_motor(TIM_HandleTypeDef*, uint32_t)	24	static
../Core/Src/main.cpp:69:5:int main()	8	static
../Core/Src/main.cpp:117:6:void SystemClock_Config()	72	static
../Core/Src/main.cpp:156:13:void MX_TIM1_Init()	96	static
../Core/Src/main.cpp:230:13:void MX_TIM2_Init()	64	static
../Core/Src/main.cpp:297:13:void MX_GPIO_Init()	16	static
../Core/Src/main.cpp:313:6:void Error_Handler()	4	static,ignoring_inline_asm
../Core/Src/main.cpp:332:6:void assert_failed(uint8_t*, uint32_t)	16	static
../Core/Src/main.cpp:338:1:void __static_initialization_and_destruction_0(int, int)	16	static
../Core/Src/main.cpp:338:1:cpp)	8	static
