Archive member included to satisfy reference by file (symbol)

/home/nikita/st/stm32cubeide_1.11.2/plugins/com.st.stm32cube.ide.mcu.externaltools.gnu-tools-for-stm32.10.3-2021.10.linux64_1.0.100.202210260954/tools/bin/../lib/gcc/arm-none-eabi/10.3.1/../../../../arm-none-eabi/lib/thumb/v7-m/nofp/libc_nano.a(lib_a-errno.o)
                              ./Core/Src/syscalls.o (__errno)
/home/nikita/st/stm32cubeide_1.11.2/plugins/com.st.stm32cube.ide.mcu.externaltools.gnu-tools-for-stm32.10.3-2021.10.linux64_1.0.100.202210260954/tools/bin/../lib/gcc/arm-none-eabi/10.3.1/../../../../arm-none-eabi/lib/thumb/v7-m/nofp/libc_nano.a(lib_a-exit.o)
                              /home/nikita/st/stm32cubeide_1.11.2/plugins/com.st.stm32cube.ide.mcu.externaltools.gnu-tools-for-stm32.10.3-2021.10.linux64_1.0.100.202210260954/tools/bin/../lib/gcc/arm-none-eabi/10.3.1/../../../../arm-none-eabi/lib/thumb/v7-m/nofp/crt0.o (exit)
/home/nikita/st/stm32cubeide_1.11.2/plugins/com.st.stm32cube.ide.mcu.externaltools.gnu-tools-for-stm32.10.3-2021.10.linux64_1.0.100.202210260954/tools/bin/../lib/gcc/arm-none-eabi/10.3.1/../../../../arm-none-eabi/lib/thumb/v7-m/nofp/libc_nano.a(lib_a-impure.o)
                              /home/nikita/st/stm32cubeide_1.11.2/plugins/com.st.stm32cube.ide.mcu.externaltools.gnu-tools-for-stm32.10.3-2021.10.linux64_1.0.100.202210260954/tools/bin/../lib/gcc/arm-none-eabi/10.3.1/../../../../arm-none-eabi/lib/thumb/v7-m/nofp/libc_nano.a(lib_a-exit.o) (_global_impure_ptr)
/home/nikita/st/stm32cubeide_1.11.2/plugins/com.st.stm32cube.ide.mcu.externaltools.gnu-tools-for-stm32.10.3-2021.10.linux64_1.0.100.202210260954/tools/bin/../lib/gcc/arm-none-eabi/10.3.1/../../../../arm-none-eabi/lib/thumb/v7-m/nofp/libc_nano.a(lib_a-init.o)
                              /home/nikita/st/stm32cubeide_1.11.2/plugins/com.st.stm32cube.ide.mcu.externaltools.gnu-tools-for-stm32.10.3-2021.10.linux64_1.0.100.202210260954/tools/bin/../lib/gcc/arm-none-eabi/10.3.1/../../../../arm-none-eabi/lib/thumb/v7-m/nofp/crt0.o (__libc_init_array)
/home/nikita/st/stm32cubeide_1.11.2/plugins/com.st.stm32cube.ide.mcu.externaltools.gnu-tools-for-stm32.10.3-2021.10.linux64_1.0.100.202210260954/tools/bin/../lib/gcc/arm-none-eabi/10.3.1/../../../../arm-none-eabi/lib/thumb/v7-m/nofp/libc_nano.a(lib_a-memset.o)
                              /home/nikita/st/stm32cubeide_1.11.2/plugins/com.st.stm32cube.ide.mcu.externaltools.gnu-tools-for-stm32.10.3-2021.10.linux64_1.0.100.202210260954/tools/bin/../lib/gcc/arm-none-eabi/10.3.1/../../../../arm-none-eabi/lib/thumb/v7-m/nofp/crt0.o (memset)

Discarded input sections

 .text          0x0000000000000000        0x0 /home/nikita/st/stm32cubeide_1.11.2/plugins/com.st.stm32cube.ide.mcu.externaltools.gnu-tools-for-stm32.10.3-2021.10.linux64_1.0.100.202210260954/tools/bin/../lib/gcc/arm-none-eabi/10.3.1/thumb/v7-m/nofp/crti.o
 .data          0x0000000000000000        0x0 /home/nikita/st/stm32cubeide_1.11.2/plugins/com.st.stm32cube.ide.mcu.externaltools.gnu-tools-for-stm32.10.3-2021.10.linux64_1.0.100.202210260954/tools/bin/../lib/gcc/arm-none-eabi/10.3.1/thumb/v7-m/nofp/crti.o
 .bss           0x0000000000000000        0x0 /home/nikita/st/stm32cubeide_1.11.2/plugins/com.st.stm32cube.ide.mcu.externaltools.gnu-tools-for-stm32.10.3-2021.10.linux64_1.0.100.202210260954/tools/bin/../lib/gcc/arm-none-eabi/10.3.1/thumb/v7-m/nofp/crti.o
 .data          0x0000000000000000        0x4 /home/nikita/st/stm32cubeide_1.11.2/plugins/com.st.stm32cube.ide.mcu.externaltools.gnu-tools-for-stm32.10.3-2021.10.linux64_1.0.100.202210260954/tools/bin/../lib/gcc/arm-none-eabi/10.3.1/thumb/v7-m/nofp/crtbegin.o
 .rodata        0x0000000000000000       0x24 /home/nikita/st/stm32cubeide_1.11.2/plugins/com.st.stm32cube.ide.mcu.externaltools.gnu-tools-for-stm32.10.3-2021.10.linux64_1.0.100.202210260954/tools/bin/../lib/gcc/arm-none-eabi/10.3.1/thumb/v7-m/nofp/crtbegin.o
 .text          0x0000000000000000       0x7c /home/nikita/st/stm32cubeide_1.11.2/plugins/com.st.stm32cube.ide.mcu.externaltools.gnu-tools-for-stm32.10.3-2021.10.linux64_1.0.100.202210260954/tools/bin/../lib/gcc/arm-none-eabi/10.3.1/../../../../arm-none-eabi/lib/thumb/v7-m/nofp/crt0.o
 .data          0x0000000000000000        0x0 /home/nikita/st/stm32cubeide_1.11.2/plugins/com.st.stm32cube.ide.mcu.externaltools.gnu-tools-for-stm32.10.3-2021.10.linux64_1.0.100.202210260954/tools/bin/../lib/gcc/arm-none-eabi/10.3.1/../../../../arm-none-eabi/lib/thumb/v7-m/nofp/crt0.o
 .bss           0x0000000000000000        0x0 /home/nikita/st/stm32cubeide_1.11.2/plugins/com.st.stm32cube.ide.mcu.externaltools.gnu-tools-for-stm32.10.3-2021.10.linux64_1.0.100.202210260954/tools/bin/../lib/gcc/arm-none-eabi/10.3.1/../../../../arm-none-eabi/lib/thumb/v7-m/nofp/crt0.o
[...]
Memory Configuration

Name             Origin             Length             Attributes
RAM              0x0000000020000000 0x0000000000005000 xrw
FLASH            0x0000000008000000 0x0000000000010000 xr
*default*        0x0000000000000000 0xffffffffffffffff

Linker script and memory map

LOAD /home/nikita/st/stm32cubeide_1.11.2/plugins/com.st.stm32cube.ide.mcu.externaltools.gnu-tools-for-stm32.10.3-2021.10.linux64_1.0.100.202210260954/tools/bin/../lib/gcc/arm-none-eabi/10.3.1/thumb/v7-m/nofp/crti.o
LOAD /home/nikita/st/stm32cubeide_1.11.2/plugins/com.st.stm32cube.ide.mcu.externaltools.gnu-tools-for-stm32.10.3-2021.10.linux64_1.0.100.202210260954/tools/bin/../lib/gcc/arm-none-eabi/10.3.1/thumb/v7-m/nofp/crtbegin.o
LOAD /home/nikita/st/stm32cubeide_1.11.2/plugins/com.st.stm32cube.ide.mcu.externaltools.gnu-tools-for-stm32.10.3-2021.10.linux64_1.0.100.202210260954/tools/bin/../lib/gcc/arm-none-eabi/10.3.1/../../../../arm-none-eabi/lib/thumb/v7-m/nofp/crt0.o
LOAD ./Core/Src/gpio.o
LOAD ./Core/Src/main.o
LOAD ./Core/Src/stm32f1xx_hal_msp.o
LOAD ./Core/Src/stm32f1xx_it.o
LOAD ./Core/Src/syscalls.o
LOAD ./Core/Src/sysmem.o
LOAD ./Core/Src/system_stm32f1xx.o
LOAD ./Core/Startup/startup_stm32f103c8tx.o
LOAD ./Drivers/STM32F1xx_HAL_Driver/Src/stm32f1xx_hal.o
LOAD ./Drivers/STM32F1xx_HAL_Driver/Src/stm32f1xx_hal_cortex.o
LOAD ./Drivers/STM32F1xx_HAL_Driver/Src/stm32f1xx_hal_dma.o
LOAD ./Drivers/STM32F1xx_HAL_Driver/Src/stm32f1xx_hal_exti.o
LOAD ./Drivers/STM32F1xx_HAL_Driver/Src/stm32f1xx_hal_flash.o
LOAD ./Drivers/STM32F1xx_HAL_Driver/Src/stm32f1xx_hal_flash_ex.o
LOAD ./Drivers/STM32F1xx_HAL_Driver/Src/stm32f1xx_hal_gpio.o
LOAD ./Drivers/STM32F1xx_HAL_Driver/Src/stm32f1xx_hal_gpio_ex.o
LOAD ./Drivers/STM32F1xx_HAL_Driver/Src/stm32f1xx_hal_pcd.o
LOAD ./Drivers/STM32F1xx_HAL_Driver/Src/stm32f1xx_hal_pcd_ex.o
LOAD ./Drivers/STM32F1xx_HAL_Driver/Src/stm32f1xx_hal_pwr.o
LOAD ./Drivers/STM32F1xx_HAL_Driver/Src/stm32f1xx_hal_rcc.o
LOAD ./Drivers/STM32F1xx_HAL_Driver/Src/stm32f1xx_hal_rcc_ex.o
LOAD ./Drivers/STM32F1xx_HAL_Driver/Src/stm32f1xx_hal_tim.o
LOAD ./Drivers/STM32F1xx_HAL_Driver/Src/stm32f1xx_hal_tim_ex.o
LOAD ./Drivers/STM32F1xx_HAL_Driver/Src/stm32f1xx_ll_usb.o
LOAD ./Middlewares/ST/STM32_USB_Device_Library/Class/CDC/Src/usbd_cdc.o
LOAD ./Middlewares/ST/STM32_USB_Device_Library/Core/Src/usbd_core.o
LOAD ./Middlewares/ST/STM32_USB_Device_Library/Core/Src/usbd_ctlreq.o
LOAD ./Middlewares/ST/STM32_USB_Device_Library/Core/Src/usbd_ioreq.o
LOAD ./USB_DEVICE/App/usb_device.o
LOAD ./USB_DEVICE/App/usbd_cdc_if.o
LOAD ./USB_DEVICE/App/usbd_desc.o
LOAD ./USB_DEVICE/Target/usbd_conf.o
START GROUP
LOAD /home/nikita/st/stm32cubeide_1.11.2/plugins/com.st.stm32cube.ide.mcu.externaltools.gnu-tools-for-stm32.10.3-2021.10.linux64_1.0.100.202210260954/tools/bin/../lib/gcc/arm-none-eabi/10.3.1/../../../../arm-none-eabi/lib/thumb/v7-m/nofp/libstdc++_nano.a
LOAD /home/nikita/st/stm32cubeide_1.11.2/plugins/com.st.stm32cube.ide.mcu.externaltools.gnu-tools-for-stm32.10.3-2021.10.linux64_1.0.100.202210260954/tools/bin/../lib/gcc/arm-none-eabi/10.3.1/../../../../arm-none-eabi/lib/thumb/v7-m/nofp/libsupc++_nano.a
END GROUP
LOAD /home/nikita/st/stm32cubeide_1.11.2/plugins/com.st.stm32cube.ide.mcu.externaltools.gnu-tools-for-stm32.10.3-2021.10.linux64_1.0.100.202210260954/tools/bin/../lib/gcc/arm-none-eabi/10.3.1/../../../../arm-none-eabi/lib/thumb/v7-m/nofp/libstdc++_nano.a
LOAD /home/nikita/st/stm32cubeide_1.11.2/plugins/com.st.stm32cube.ide.mcu.externaltools.gnu-tools-for-stm32.10.3-2021.10.linux64_1.0.100.202210260954/tools/bin/../lib/gcc/arm-none-eabi/10.3.1/../../../../arm-none-eabi/lib/thumb/v7-m/nofp/libm.a
LOAD /home/nikita/st/stm32cubeide_1.11.2/plugins/com.st.stm32cube.ide.mcu.externaltools.gnu-tools-for-stm32.10.3-2021.10.linux64_1.0.100.202210260954/tools/bin/../lib/gcc/arm-none-eabi/10.3.1/../../../../arm-none-eabi/lib/thumb/v7-m/nofp/libc_nano.a
START GROUP
LOAD /home/nikita/st/stm32cubeide_1.11.2/plugins/com.st.stm32cube.ide.mcu.externaltools.gnu-tools-for-stm32.10.3-2021.10.linux64_1.0.100.202210260954/tools/bin/../lib/gcc/arm-none-eabi/10.3.1/thumb/v7-m/nofp/libgcc.a
LOAD /home/nikita/st/stm32cubeide_1.11.2/plugins/com.st.stm32cube.ide.mcu.externaltools.gnu-tools-for-stm32.10.3-2021.10.linux64_1.0.100.202210260954/tools/bin/../lib/gcc/arm-none-eabi/10.3.1/../../../../arm-none-eabi/lib/thumb/v7-m/nofp/libc_nano.a
END GROUP
START GROUP
LOAD /home/nikita/st/stm32cubeide_1.11.2/plugins/com.st.stm32cube.ide.mcu.externaltools.gnu-tools-for-stm32.10.3-2021.10.linux64_1.0.100.202210260954/tools/bin/../lib/gcc/arm-none-eabi/10.3.1/thumb/v7-m/nofp/libgcc.a
LOAD /home/nikita/st/stm32cubeide_1.11.2/plugins/com.st.stm32cube.ide.mcu.externaltools.gnu-tools-for-stm32.10.3-2021.10.linux64_1.0.100.202210260954/tools/bin/../lib/gcc/arm-none-eabi/10.3.1/../../../../arm-none-eabi/lib/thumb/v7-m/nofp/libc_nano.a
LOAD /home/nikita/st/stm32cubeide_1.11.2/plugins/com.st.stm32cube.ide.mcu.externaltools.gnu-tools-for-stm32.10.3-2021.10.linux64_1.0.100.202210260954/tools/bin/../lib/gcc/arm-none-eabi/10.3.1/../../../../arm-none-eabi/lib/thumb/v7-m/nofp/libnosys.a
END GROUP
START GROUP
LOAD /home/nikita/st/stm32cubeide_1.11.2/plugins/com.st.stm32cube.ide.mcu.externaltools.gnu-tools-for-stm32.10.3-2021.10.linux64_1.0.100.202210260954/tools/bin/../lib/gcc/arm-none-eabi/10.3.1/thumb/v7-m/nofp/libgcc.a
LOAD /home/nikita/st/stm32cubeide_1.11.2/plugins/com.st.stm32cube.ide.mcu.externaltools.gnu-tools-for-stm32.10.3-2021.10.linux64_1.0.100.202210260954/tools/bin/../lib/gcc/arm-none-eabi/10.3.1/../../../../arm-none-eabi/lib/thumb/v7-m/nofp/libc_nano.a
LOAD /home/nikita/st/stm32cubeide_1.11.2/plugins/com.st.stm32cube.ide.mcu.externaltools.gnu-tools-for-stm32.10.3-2021.10.linux64_1.0.100.202210260954/tools/bin/../lib/gcc/arm-none-eabi/10.3.1/../../../../arm-none-eabi/lib/thumb/v7-m/nofp/libnosys.a
END GROUP
LOAD /home/nikita/st/stm32cubeide_1.11.2/plugins/com.st.stm32cube.ide.mcu.externaltools.gnu-tools-for-stm32.10.3-2021.10.linux64_1.0.100.202210260954/tools/bin/../lib/gcc/arm-none-eabi/10.3.1/thumb/v7-m/nofp/crtend.o
LOAD /home/nikita/st/stm32cubeide_1.11.2/plugins/com.st.stm32cube.ide.mcu.externaltools.gnu-tools-for-stm32.10.3-2021.10.linux64_1.0.100.202210260954/tools/bin/../lib/gcc/arm-none-eabi/10.3.1/thumb/v7-m/nofp/crtn.o
                0x0000000020005000                _estack = (ORIGIN (RAM) + LENGTH (RAM))
                0x0000000000000200                _Min_Heap_Size = 0x200
                0x0000000000000400                _Min_Stack_Size = 0x400

.isr_vector     0x0000000008000000      0x10c
                0x0000000008000000                . = ALIGN (0x4)
 *(.isr_vector)
 .isr_vector    0x0000000008000000      0x10c ./Core/Startup/startup_stm32f103c8tx.o
                0x0000000008000000                g_pfnVectors
                0x000000000800010c                . = ALIGN (0x4)

.text           0x000000000800010c     0x7478
                0x000000000800010c                . = ALIGN (0x4)
 *(.text)
 .text          0x000000000800010c       0x40 /home/nikita/st/stm32cubeide_1.11.2/plugins/com.st.stm32cube.ide.mcu.externaltools.gnu-tools-for-stm32.10.3-2021.10.linux64_1.0.100.202210260954/tools/bin/../lib/gcc/arm-none-eabi/10.3.1/thumb/v7-m/nofp/crtbegin.o
 *(.text*)
 .text.MX_GPIO_Init
                0x000000000800014c       0x44 ./Core/Src/gpio.o
                0x000000000800014c                MX_GPIO_Init
 .text.main     0x0000000008000190       0x2c ./Core/Src/main.o
                0x0000000008000190                main
 .text.SystemClock_Config
                0x00000000080001bc       0xb6 ./Core/Src/main.o
                0x00000000080001bc                SystemClock_Config
 .text.Error_Handler
                0x0000000008000272        0xa ./Core/Src/main.o
                0x0000000008000272                Error_Handler
 .text.HAL_MspInit
                0x000000000800027c       0x44 ./Core/Src/stm32f1xx_hal_msp.o
                0x000000000800027c                HAL_MspInit
 .text.NMI_Handler
                0x00000000080002c0        0x6 ./Core/Src/stm32f1xx_it.o
                0x00000000080002c0                NMI_Handler
 .text.HardFault_Handler
                0x00000000080002c6        0x6 ./Core/Src/stm32f1xx_it.o
                0x00000000080002c6                HardFault_Handler
 .text.MemManage_Handler
                0x00000000080002cc        0x6 ./Core/Src/stm32f1xx_it.o
                0x00000000080002cc                MemManage_Handler
 .text.BusFault_Handler
                0x00000000080002d2        0x6 ./Core/Src/stm32f1xx_it.o
                0x00000000080002d2                BusFault_Handler
 .text.UsageFault_Handler
                0x00000000080002d8        0x6 ./Core/Src/stm32f1xx_it.o
                0x00000000080002d8                UsageFault_Handler
 .text.SVC_Handler
                0x00000000080002de        0xc ./Core/Src/stm32f1xx_it.o
                0x00000000080002de                SVC_Handler
 .text.DebugMon_Handler
                0x00000000080002ea        0xc ./Core/Src/stm32f1xx_it.o
                0x00000000080002ea                DebugMon_Handler
 .text.PendSV_Handler
                0x00000000080002f6        0xc ./Core/Src/stm32f1xx_it.o
                0x00000000080002f6                PendSV_Handler
 .text.SysTick_Handler
                0x0000000008000302        0xc ./Core/Src/stm32f1xx_it.o
                0x0000000008000302                SysTick_Handler
 *fill*         0x000000000800030e        0x2 
 .text.USB_LP_CAN1_RX0_IRQHandler
                0x0000000008000310       0x14 ./Core/Src/stm32f1xx_it.o
                0x0000000008000310                USB_LP_CAN1_RX0_IRQHandler
 .text.SystemInit
                0x0000000008000324        0xc ./Core/Src/system_stm32f1xx.o
                0x0000000008000324                SystemInit
 .text.Reset_Handler
                0x0000000008000330       0x48 ./Core/Startup/startup_stm32f103c8tx.o
                0x0000000008000330                Reset_Handler
 .text.Default_Handler
                0x0000000008000378        0x2 ./Core/Startup/startup_stm32f103c8tx.o
                0x0000000008000378                RTC_Alarm_IRQHandler
                0x0000000008000378                EXTI2_IRQHandler
                0x0000000008000378                TIM1_CC_IRQHandler
                0x0000000008000378                PVD_IRQHandler
                0x0000000008000378                EXTI3_IRQHandler
                0x0000000008000378                EXTI0_IRQHandler
                0x0000000008000378                I2C2_EV_IRQHandler
                0x0000000008000378                ADC1_2_IRQHandler
                0x0000000008000378                SPI1_IRQHandler
                0x0000000008000378                TAMPER_IRQHandler
                0x0000000008000378                DMA1_Channel4_IRQHandler
                0x0000000008000378                USART3_IRQHandler
                0x0000000008000378                RTC_IRQHandler
                0x0000000008000378                DMA1_Channel7_IRQHandler
                0x0000000008000378                CAN1_RX1_IRQHandler
                0x0000000008000378                TIM4_IRQHandler
                0x0000000008000378                I2C1_EV_IRQHandler
                0x0000000008000378                DMA1_Channel6_IRQHandler
                0x0000000008000378                TIM3_IRQHandler
                0x0000000008000378                RCC_IRQHandler
                0x0000000008000378                TIM1_TRG_COM_IRQHandler
                0x0000000008000378                DMA1_Channel1_IRQHandler
                0x0000000008000378                Default_Handler
                0x0000000008000378                EXTI15_10_IRQHandler
                0x0000000008000378                EXTI9_5_IRQHandler
                0x0000000008000378                SPI2_IRQHandler
                0x0000000008000378                DMA1_Channel5_IRQHandler
                0x0000000008000378                EXTI4_IRQHandler
                0x0000000008000378                USB_HP_CAN1_TX_IRQHandler
                0x0000000008000378                DMA1_Channel3_IRQHandler
                0x0000000008000378                TIM1_UP_IRQHandler
                0x0000000008000378                WWDG_IRQHandler
                0x0000000008000378                TIM2_IRQHandler
                0x0000000008000378                TIM1_BRK_IRQHandler
                0x0000000008000378                EXTI1_IRQHandler
                0x0000000008000378                USART2_IRQHandler
                0x0000000008000378                I2C2_ER_IRQHandler
                0x0000000008000378                DMA1_Channel2_IRQHandler
                0x0000000008000378                CAN1_SCE_IRQHandler
                0x0000000008000378                FLASH_IRQHandler
                0x0000000008000378                USART1_IRQHandler
                0x0000000008000378                I2C1_ER_IRQHandler
                0x0000000008000378                USBWakeUp_IRQHandler
 *fill*         0x000000000800037a        0x2 
 .text.HAL_Init
                0x000000000800037c       0x2c ./Drivers/STM32F1xx_HAL_Driver/Src/stm32f1xx_hal.o
                0x000000000800037c                HAL_Init
 .text.HAL_InitTick
                0x00000000080003a8       0x60 ./Drivers/STM32F1xx_HAL_Driver/Src/stm32f1xx_hal.o
                0x00000000080003a8                HAL_InitTick
 .text.HAL_IncTick
                0x0000000008000408       0x24 ./Drivers/STM32F1xx_HAL_Driver/Src/stm32f1xx_hal.o
                0x0000000008000408                HAL_IncTick
 .text.HAL_GetTick
                0x000000000800042c       0x14 ./Drivers/STM32F1xx_HAL_Driver/Src/stm32f1xx_hal.o
                0x000000000800042c                HAL_GetTick
 .text.HAL_Delay
                0x0000000008000440       0x48 ./Drivers/STM32F1xx_HAL_Driver/Src/stm32f1xx_hal.o
                0x0000000008000440                HAL_Delay
 .text.__NVIC_SetPriorityGrouping
                0x0000000008000488       0x48 ./Drivers/STM32F1xx_HAL_Driver/Src/stm32f1xx_hal_cortex.o
 .text.__NVIC_GetPriorityGrouping
                0x00000000080004d0       0x1c ./Drivers/STM32F1xx_HAL_Driver/Src/stm32f1xx_hal_cortex.o
 .text.__NVIC_EnableIRQ
                0x00000000080004ec       0x38 ./Drivers/STM32F1xx_HAL_Driver/Src/stm32f1xx_hal_cortex.o
 .text.__NVIC_SetPriority
                0x0000000008000524       0x54 ./Drivers/STM32F1xx_HAL_Driver/Src/stm32f1xx_hal_cortex.o
 .text.NVIC_EncodePriority
                0x0000000008000578       0x64 ./Drivers/STM32F1xx_HAL_Driver/Src/stm32f1xx_hal_cortex.o
 .text.SysTick_Config
                0x00000000080005dc       0x44 ./Drivers/STM32F1xx_HAL_Driver/Src/stm32f1xx_hal_cortex.o
 .text.HAL_NVIC_SetPriorityGrouping
                0x0000000008000620       0x16 ./Drivers/STM32F1xx_HAL_Driver/Src/stm32f1xx_hal_cortex.o
                0x0000000008000620                HAL_NVIC_SetPriorityGrouping
 .text.HAL_NVIC_SetPriority
                0x0000000008000636       0x38 ./Drivers/STM32F1xx_HAL_Driver/Src/stm32f1xx_hal_cortex.o
                0x0000000008000636                HAL_NVIC_SetPriority
 .text.HAL_NVIC_EnableIRQ
                0x000000000800066e       0x1c ./Drivers/STM32F1xx_HAL_Driver/Src/stm32f1xx_hal_cortex.o
                0x000000000800066e                HAL_NVIC_EnableIRQ
 .text.HAL_SYSTICK_Config
                0x000000000800068a       0x18 ./Drivers/STM32F1xx_HAL_Driver/Src/stm32f1xx_hal_cortex.o
                0x000000000800068a                HAL_SYSTICK_Config
 .text.HAL_PCD_Init
                0x00000000080006a2      0x216 ./Drivers/STM32F1xx_HAL_Driver/Src/stm32f1xx_hal_pcd.o
                0x00000000080006a2                HAL_PCD_Init
 .text.HAL_PCD_Start
                0x00000000080008b8       0x4c ./Drivers/STM32F1xx_HAL_Driver/Src/stm32f1xx_hal_pcd.o
                0x00000000080008b8                HAL_PCD_Start
 .text.HAL_PCD_IRQHandler
                0x0000000008000904      0x2a6 ./Drivers/STM32F1xx_HAL_Driver/Src/stm32f1xx_hal_pcd.o
                0x0000000008000904                HAL_PCD_IRQHandler
 .text.HAL_PCD_SetAddress
                0x0000000008000baa       0x4a ./Drivers/STM32F1xx_HAL_Driver/Src/stm32f1xx_hal_pcd.o
                0x0000000008000baa                HAL_PCD_SetAddress
 .text.HAL_PCD_EP_Open
                0x0000000008000bf4       0xcc ./Drivers/STM32F1xx_HAL_Driver/Src/stm32f1xx_hal_pcd.o
                0x0000000008000bf4                HAL_PCD_EP_Open
 .text.HAL_PCD_EP_Close
                0x0000000008000cc0       0x90 ./Drivers/STM32F1xx_HAL_Driver/Src/stm32f1xx_hal_pcd.o
                0x0000000008000cc0                HAL_PCD_EP_Close
 .text.HAL_PCD_EP_Receive
                0x0000000008000d50       0x7a ./Drivers/STM32F1xx_HAL_Driver/Src/stm32f1xx_hal_pcd.o
                0x0000000008000d50                HAL_PCD_EP_Receive
 .text.HAL_PCD_EP_GetRxCount
                0x0000000008000dca       0x2e ./Drivers/STM32F1xx_HAL_Driver/Src/stm32f1xx_hal_pcd.o
                0x0000000008000dca                HAL_PCD_EP_GetRxCount
 .text.HAL_PCD_EP_Transmit
                0x0000000008000df8       0x86 ./Drivers/STM32F1xx_HAL_Driver/Src/stm32f1xx_hal_pcd.o
                0x0000000008000df8                HAL_PCD_EP_Transmit
 .text.HAL_PCD_EP_SetStall
                0x0000000008000e7e       0xc0 ./Drivers/STM32F1xx_HAL_Driver/Src/stm32f1xx_hal_pcd.o
                0x0000000008000e7e                HAL_PCD_EP_SetStall
 .text.HAL_PCD_EP_ClrStall
                0x0000000008000f3e       0xa8 ./Drivers/STM32F1xx_HAL_Driver/Src/stm32f1xx_hal_pcd.o
                0x0000000008000f3e                HAL_PCD_EP_ClrStall
 .text.PCD_EP_ISR_Handler
                0x0000000008000fe6      0x600 ./Drivers/STM32F1xx_HAL_Driver/Src/stm32f1xx_hal_pcd.o
 .text.HAL_PCD_EP_DB_Receive
                0x00000000080015e6      0x21a ./Drivers/STM32F1xx_HAL_Driver/Src/stm32f1xx_hal_pcd.o
 .text.HAL_PCD_EP_DB_Transmit
                0x0000000008001800      0x7a4 ./Drivers/STM32F1xx_HAL_Driver/Src/stm32f1xx_hal_pcd.o
 .text.HAL_PCDEx_PMAConfig
                0x0000000008001fa4       0x84 ./Drivers/STM32F1xx_HAL_Driver/Src/stm32f1xx_hal_pcd_ex.o
                0x0000000008001fa4                HAL_PCDEx_PMAConfig
 .text.HAL_RCC_OscConfig
                0x0000000008002028      0x504 ./Drivers/STM32F1xx_HAL_Driver/Src/stm32f1xx_hal_rcc.o
                0x0000000008002028                HAL_RCC_OscConfig
 .text.HAL_RCC_ClockConfig
                0x000000000800252c      0x1d4 ./Drivers/STM32F1xx_HAL_Driver/Src/stm32f1xx_hal_rcc.o
                0x000000000800252c                HAL_RCC_ClockConfig
 .text.HAL_RCC_GetSysClockFreq
                0x0000000008002700       0xbc ./Drivers/STM32F1xx_HAL_Driver/Src/stm32f1xx_hal_rcc.o
                0x0000000008002700                HAL_RCC_GetSysClockFreq
 .text.RCC_Delay
                0x00000000080027bc       0x3c ./Drivers/STM32F1xx_HAL_Driver/Src/stm32f1xx_hal_rcc.o
 .text.HAL_RCCEx_PeriphCLKConfig
                0x00000000080027f8      0x16c ./Drivers/STM32F1xx_HAL_Driver/Src/stm32f1xx_hal_rcc_ex.o
                0x00000000080027f8                HAL_RCCEx_PeriphCLKConfig
 .text.USB_CoreInit
                0x0000000008002964       0x20 ./Drivers/STM32F1xx_HAL_Driver/Src/stm32f1xx_ll_usb.o
                0x0000000008002964                USB_CoreInit
 .text.USB_EnableGlobalInt
                0x0000000008002984       0x2c ./Drivers/STM32F1xx_HAL_Driver/Src/stm32f1xx_ll_usb.o
                0x0000000008002984                USB_EnableGlobalInt
 .text.USB_DisableGlobalInt
                0x00000000080029b0       0x34 ./Drivers/STM32F1xx_HAL_Driver/Src/stm32f1xx_ll_usb.o
                0x00000000080029b0                USB_DisableGlobalInt
 .text.USB_SetCurrentMode
                0x00000000080029e4       0x18 ./Drivers/STM32F1xx_HAL_Driver/Src/stm32f1xx_ll_usb.o
                0x00000000080029e4                USB_SetCurrentMode
 .text.USB_DevInit
                0x00000000080029fc       0x40 ./Drivers/STM32F1xx_HAL_Driver/Src/stm32f1xx_ll_usb.o
                0x00000000080029fc                USB_DevInit
 .text.USB_ActivateEndpoint
                0x0000000008002a3c      0x6d4 ./Drivers/STM32F1xx_HAL_Driver/Src/stm32f1xx_ll_usb.o
                0x0000000008002a3c                USB_ActivateEndpoint
 .text.USB_DeactivateEndpoint
                0x0000000008003110      0x3d8 ./Drivers/STM32F1xx_HAL_Driver/Src/stm32f1xx_ll_usb.o
                0x0000000008003110                USB_DeactivateEndpoint
 .text.USB_EPStartXfer
                0x00000000080034e8     0x1c70 ./Drivers/STM32F1xx_HAL_Driver/Src/stm32f1xx_ll_usb.o
                0x00000000080034e8                USB_EPStartXfer
 .text.USB_EPSetStall
                0x0000000008005158       0xa0 ./Drivers/STM32F1xx_HAL_Driver/Src/stm32f1xx_ll_usb.o
                0x0000000008005158                USB_EPSetStall
 .text.USB_EPClearStall
                0x00000000080051f8      0x15a ./Drivers/STM32F1xx_HAL_Driver/Src/stm32f1xx_ll_usb.o
                0x00000000080051f8                USB_EPClearStall
 .text.USB_SetDevAddress
                0x0000000008005352       0x26 ./Drivers/STM32F1xx_HAL_Driver/Src/stm32f1xx_ll_usb.o
                0x0000000008005352                USB_SetDevAddress
 .text.USB_DevConnect
                0x0000000008005378       0x14 ./Drivers/STM32F1xx_HAL_Driver/Src/stm32f1xx_ll_usb.o
                0x0000000008005378                USB_DevConnect
 .text.USB_DevDisconnect
                0x000000000800538c       0x14 ./Drivers/STM32F1xx_HAL_Driver/Src/stm32f1xx_ll_usb.o
                0x000000000800538c                USB_DevDisconnect
 .text.USB_ReadInterrupts
                0x00000000080053a0       0x1e ./Drivers/STM32F1xx_HAL_Driver/Src/stm32f1xx_ll_usb.o
                0x00000000080053a0                USB_ReadInterrupts
 .text.USB_EP0_OutStart
                0x00000000080053be       0x16 ./Drivers/STM32F1xx_HAL_Driver/Src/stm32f1xx_ll_usb.o
                0x00000000080053be                USB_EP0_OutStart
 .text.USB_WritePMA
                0x00000000080053d4       0x8a ./Drivers/STM32F1xx_HAL_Driver/Src/stm32f1xx_ll_usb.o
                0x00000000080053d4                USB_WritePMA
 .text.USB_ReadPMA
                0x000000000800545e       0x9e ./Drivers/STM32F1xx_HAL_Driver/Src/stm32f1xx_ll_usb.o
                0x000000000800545e                USB_ReadPMA
 .text.USBD_CDC_Init
                0x00000000080054fc       0xf4 ./Middlewares/ST/STM32_USB_Device_Library/Class/CDC/Src/usbd_cdc.o
 .text.USBD_CDC_DeInit
                0x00000000080055f0       0x6e ./Middlewares/ST/STM32_USB_Device_Library/Class/CDC/Src/usbd_cdc.o
 .text.USBD_CDC_Setup
                0x000000000800565e      0x146 ./Middlewares/ST/STM32_USB_Device_Library/Class/CDC/Src/usbd_cdc.o
 .text.USBD_CDC_DataIn
                0x00000000080057a4       0xa6 ./Middlewares/ST/STM32_USB_Device_Library/Class/CDC/Src/usbd_cdc.o
 .text.USBD_CDC_DataOut
                0x000000000800584a       0x56 ./Middlewares/ST/STM32_USB_Device_Library/Class/CDC/Src/usbd_cdc.o
 .text.USBD_CDC_EP0_RxReady
                0x00000000080058a0       0x50 ./Middlewares/ST/STM32_USB_Device_Library/Class/CDC/Src/usbd_cdc.o
 .text.USBD_CDC_GetFSCfgDesc
                0x00000000080058f0       0x20 ./Middlewares/ST/STM32_USB_Device_Library/Class/CDC/Src/usbd_cdc.o
 .text.USBD_CDC_GetHSCfgDesc
                0x0000000008005910       0x20 ./Middlewares/ST/STM32_USB_Device_Library/Class/CDC/Src/usbd_cdc.o
 .text.USBD_CDC_GetOtherSpeedCfgDesc
                0x0000000008005930       0x20 ./Middlewares/ST/STM32_USB_Device_Library/Class/CDC/Src/usbd_cdc.o
 .text.USBD_CDC_GetDeviceQualifierDescriptor
                0x0000000008005950       0x20 ./Middlewares/ST/STM32_USB_Device_Library/Class/CDC/Src/usbd_cdc.o
                0x0000000008005950                USBD_CDC_GetDeviceQualifierDescriptor
 .text.USBD_CDC_RegisterInterface
                0x0000000008005970       0x2c ./Middlewares/ST/STM32_USB_Device_Library/Class/CDC/Src/usbd_cdc.o
                0x0000000008005970                USBD_CDC_RegisterInterface
 .text.USBD_CDC_SetTxBuffer
                0x000000000800599c       0x32 ./Middlewares/ST/STM32_USB_Device_Library/Class/CDC/Src/usbd_cdc.o
                0x000000000800599c                USBD_CDC_SetTxBuffer
 .text.USBD_CDC_SetRxBuffer
                0x00000000080059ce       0x26 ./Middlewares/ST/STM32_USB_Device_Library/Class/CDC/Src/usbd_cdc.o
                0x00000000080059ce                USBD_CDC_SetRxBuffer
 .text.USBD_CDC_TransmitPacket
                0x00000000080059f4       0x5e ./Middlewares/ST/STM32_USB_Device_Library/Class/CDC/Src/usbd_cdc.o
                0x00000000080059f4                USBD_CDC_TransmitPacket
 .text.USBD_CDC_ReceivePacket
                0x0000000008005a52       0x54 ./Middlewares/ST/STM32_USB_Device_Library/Class/CDC/Src/usbd_cdc.o
                0x0000000008005a52                USBD_CDC_ReceivePacket
 .text.USBD_Init
                0x0000000008005aa6       0x56 ./Middlewares/ST/STM32_USB_Device_Library/Core/Src/usbd_core.o
                0x0000000008005aa6                USBD_Init
 .text.USBD_RegisterClass
                0x0000000008005afc       0x32 ./Middlewares/ST/STM32_USB_Device_Library/Core/Src/usbd_core.o
                0x0000000008005afc                USBD_RegisterClass
 .text.USBD_Start
                0x0000000008005b2e       0x18 ./Middlewares/ST/STM32_USB_Device_Library/Core/Src/usbd_core.o
                0x0000000008005b2e                USBD_Start
 .text.USBD_RunTestMode
                0x0000000008005b46       0x14 ./Middlewares/ST/STM32_USB_Device_Library/Core/Src/usbd_core.o
                0x0000000008005b46                USBD_RunTestMode
 .text.USBD_SetClassConfig
                0x0000000008005b5a       0x3e ./Middlewares/ST/STM32_USB_Device_Library/Core/Src/usbd_core.o
                0x0000000008005b5a                USBD_SetClassConfig
 .text.USBD_ClrClassConfig
                0x0000000008005b98       0x26 ./Middlewares/ST/STM32_USB_Device_Library/Core/Src/usbd_core.o
                0x0000000008005b98                USBD_ClrClassConfig
 .text.USBD_LL_SetupStage
                0x0000000008005bbe       0x9a ./Middlewares/ST/STM32_USB_Device_Library/Core/Src/usbd_core.o
                0x0000000008005bbe                USBD_LL_SetupStage
 .text.USBD_LL_DataOutStage
                0x0000000008005c58       0xe2 ./Middlewares/ST/STM32_USB_Device_Library/Core/Src/usbd_core.o
                0x0000000008005c58                USBD_LL_DataOutStage
 .text.USBD_LL_DataInStage
                0x0000000008005d3a      0x14a ./Middlewares/ST/STM32_USB_Device_Library/Core/Src/usbd_core.o
                0x0000000008005d3a                USBD_LL_DataInStage
 .text.USBD_LL_Reset
                0x0000000008005e84       0x82 ./Middlewares/ST/STM32_USB_Device_Library/Core/Src/usbd_core.o
                0x0000000008005e84                USBD_LL_Reset
 .text.USBD_LL_SetSpeed
                0x0000000008005f06       0x1e ./Middlewares/ST/STM32_USB_Device_Library/Core/Src/usbd_core.o
                0x0000000008005f06                USBD_LL_SetSpeed
 .text.USBD_LL_Suspend
                0x0000000008005f24       0x28 ./Middlewares/ST/STM32_USB_Device_Library/Core/Src/usbd_core.o
                0x0000000008005f24                USBD_LL_Suspend
 .text.USBD_LL_Resume
                0x0000000008005f4c       0x2a ./Middlewares/ST/STM32_USB_Device_Library/Core/Src/usbd_core.o
                0x0000000008005f4c                USBD_LL_Resume
 .text.USBD_LL_SOF
                0x0000000008005f76       0x34 ./Middlewares/ST/STM32_USB_Device_Library/Core/Src/usbd_core.o
                0x0000000008005f76                USBD_LL_SOF
 *fill*         0x0000000008005faa        0x2 
 .text.USBD_StdDevReq
                0x0000000008005fac       0xd4 ./Middlewares/ST/STM32_USB_Device_Library/Core/Src/usbd_ctlreq.o
                0x0000000008005fac                USBD_StdDevReq
 .text.USBD_StdItfReq
                0x0000000008006080       0x90 ./Middlewares/ST/STM32_USB_Device_Library/Core/Src/usbd_ctlreq.o
                0x0000000008006080                USBD_StdItfReq
 .text.USBD_StdEPReq
                0x0000000008006110      0x2c6 ./Middlewares/ST/STM32_USB_Device_Library/Core/Src/usbd_ctlreq.o
                0x0000000008006110                USBD_StdEPReq
 *fill*         0x00000000080063d6        0x2 
 .text.USBD_GetDescriptor
                0x00000000080063d8      0x2d0 ./Middlewares/ST/STM32_USB_Device_Library/Core/Src/usbd_ctlreq.o
 .text.USBD_SetAddress
                0x00000000080066a8       0x86 ./Middlewares/ST/STM32_USB_Device_Library/Core/Src/usbd_ctlreq.o
 *fill*         0x000000000800672e        0x2 
 .text.USBD_SetConfig
                0x0000000008006730      0x11c ./Middlewares/ST/STM32_USB_Device_Library/Core/Src/usbd_ctlreq.o
 .text.USBD_GetConfig
                0x000000000800684c       0x6a ./Middlewares/ST/STM32_USB_Device_Library/Core/Src/usbd_ctlreq.o
 .text.USBD_GetStatus
                0x00000000080068b6       0x66 ./Middlewares/ST/STM32_USB_Device_Library/Core/Src/usbd_ctlreq.o
 .text.USBD_SetFeature
                0x000000000800691c       0x28 ./Middlewares/ST/STM32_USB_Device_Library/Core/Src/usbd_ctlreq.o
 .text.USBD_ClrFeature
                0x0000000008006944       0x42 ./Middlewares/ST/STM32_USB_Device_Library/Core/Src/usbd_ctlreq.o
 .text.USBD_ParseSetupRequest
                0x0000000008006986       0x78 ./Middlewares/ST/STM32_USB_Device_Library/Core/Src/usbd_ctlreq.o
                0x0000000008006986                USBD_ParseSetupRequest
 .text.USBD_CtlError
                0x00000000080069fe       0x22 ./Middlewares/ST/STM32_USB_Device_Library/Core/Src/usbd_ctlreq.o
                0x00000000080069fe                USBD_CtlError
 .text.USBD_GetString
                0x0000000008006a20       0x84 ./Middlewares/ST/STM32_USB_Device_Library/Core/Src/usbd_ctlreq.o
                0x0000000008006a20                USBD_GetString
 .text.USBD_GetLen
                0x0000000008006aa4       0x2e ./Middlewares/ST/STM32_USB_Device_Library/Core/Src/usbd_ctlreq.o
 .text.USBD_CtlSendData
                0x0000000008006ad2       0x38 ./Middlewares/ST/STM32_USB_Device_Library/Core/Src/usbd_ioreq.o
                0x0000000008006ad2                USBD_CtlSendData
 .text.USBD_CtlContinueSendData
                0x0000000008006b0a       0x24 ./Middlewares/ST/STM32_USB_Device_Library/Core/Src/usbd_ioreq.o
                0x0000000008006b0a                USBD_CtlContinueSendData
 .text.USBD_CtlPrepareRx
                0x0000000008006b2e       0x3c ./Middlewares/ST/STM32_USB_Device_Library/Core/Src/usbd_ioreq.o
                0x0000000008006b2e                USBD_CtlPrepareRx
 .text.USBD_CtlContinueRx
                0x0000000008006b6a       0x24 ./Middlewares/ST/STM32_USB_Device_Library/Core/Src/usbd_ioreq.o
                0x0000000008006b6a                USBD_CtlContinueRx
 .text.USBD_CtlSendStatus
                0x0000000008006b8e       0x26 ./Middlewares/ST/STM32_USB_Device_Library/Core/Src/usbd_ioreq.o
                0x0000000008006b8e                USBD_CtlSendStatus
 .text.USBD_CtlReceiveStatus
                0x0000000008006bb4       0x26 ./Middlewares/ST/STM32_USB_Device_Library/Core/Src/usbd_ioreq.o
                0x0000000008006bb4                USBD_CtlReceiveStatus
 *fill*         0x0000000008006bda        0x2 
 .text.MX_USB_DEVICE_Init
                0x0000000008006bdc       0x60 ./USB_DEVICE/App/usb_device.o
                0x0000000008006bdc                MX_USB_DEVICE_Init
 .text.CDC_Init_FS
                0x0000000008006c3c       0x28 ./USB_DEVICE/App/usbd_cdc_if.o
 .text.CDC_DeInit_FS
                0x0000000008006c64        0xe ./USB_DEVICE/App/usbd_cdc_if.o
 *fill*         0x0000000008006c72        0x2 
 .text.CDC_Control_FS
                0x0000000008006c74       0xbc ./USB_DEVICE/App/usbd_cdc_if.o
 .text.CDC_Receive_FS
                0x0000000008006d30       0x28 ./USB_DEVICE/App/usbd_cdc_if.o
 .text.CDC_Transmit_FS
                0x0000000008006d58       0x4c ./USB_DEVICE/App/usbd_cdc_if.o
                0x0000000008006d58                CDC_Transmit_FS
 .text.USBD_FS_DeviceDescriptor
                0x0000000008006da4       0x24 ./USB_DEVICE/App/usbd_desc.o
                0x0000000008006da4                USBD_FS_DeviceDescriptor
 .text.USBD_FS_LangIDStrDescriptor
                0x0000000008006dc8       0x24 ./USB_DEVICE/App/usbd_desc.o
                0x0000000008006dc8                USBD_FS_LangIDStrDescriptor
 .text.USBD_FS_ProductStrDescriptor
                0x0000000008006dec       0x3c ./USB_DEVICE/App/usbd_desc.o
                0x0000000008006dec                USBD_FS_ProductStrDescriptor
 .text.USBD_FS_ManufacturerStrDescriptor
                0x0000000008006e28       0x28 ./USB_DEVICE/App/usbd_desc.o
                0x0000000008006e28                USBD_FS_ManufacturerStrDescriptor
 .text.USBD_FS_SerialStrDescriptor
                0x0000000008006e50       0x24 ./USB_DEVICE/App/usbd_desc.o
                0x0000000008006e50                USBD_FS_SerialStrDescriptor
 .text.USBD_FS_ConfigStrDescriptor
                0x0000000008006e74       0x3c ./USB_DEVICE/App/usbd_desc.o
                0x0000000008006e74                USBD_FS_ConfigStrDescriptor
 .text.USBD_FS_InterfaceStrDescriptor
                0x0000000008006eb0       0x3c ./USB_DEVICE/App/usbd_desc.o
                0x0000000008006eb0                USBD_FS_InterfaceStrDescriptor
 .text.Get_SerialNum
                0x0000000008006eec       0x58 ./USB_DEVICE/App/usbd_desc.o
 .text.IntToUnicode
                0x0000000008006f44       0x7c ./USB_DEVICE/App/usbd_desc.o
 .text.HAL_PCD_MspInit
                0x0000000008006fc0       0x4c ./USB_DEVICE/Target/usbd_conf.o
                0x0000000008006fc0                HAL_PCD_MspInit
 .text.HAL_PCD_SetupStageCallback
                0x000000000800700c       0x24 ./USB_DEVICE/Target/usbd_conf.o
                0x000000000800700c                HAL_PCD_SetupStageCallback
 .text.HAL_PCD_DataOutStageCallback
                0x0000000008007030       0x36 ./USB_DEVICE/Target/usbd_conf.o
                0x0000000008007030                HAL_PCD_DataOutStageCallback
 .text.HAL_PCD_DataInStageCallback
                0x0000000008007066       0x34 ./USB_DEVICE/Target/usbd_conf.o
                0x0000000008007066                HAL_PCD_DataInStageCallback
 .text.HAL_PCD_SOFCallback
                0x000000000800709a       0x1c ./USB_DEVICE/Target/usbd_conf.o
                0x000000000800709a                HAL_PCD_SOFCallback
 .text.HAL_PCD_ResetCallback
                0x00000000080070b6       0x3c ./USB_DEVICE/Target/usbd_conf.o
                0x00000000080070b6                HAL_PCD_ResetCallback
 *fill*         0x00000000080070f2        0x2 
 .text.HAL_PCD_SuspendCallback
                0x00000000080070f4       0x34 ./USB_DEVICE/Target/usbd_conf.o
                0x00000000080070f4                HAL_PCD_SuspendCallback
 .text.HAL_PCD_ResumeCallback
                0x0000000008007128       0x1c ./USB_DEVICE/Target/usbd_conf.o
                0x0000000008007128                HAL_PCD_ResumeCallback
 .text.USBD_LL_Init
                0x0000000008007144       0xb4 ./USB_DEVICE/Target/usbd_conf.o
                0x0000000008007144                USBD_LL_Init
 .text.USBD_LL_Start
                0x00000000080071f8       0x36 ./USB_DEVICE/Target/usbd_conf.o
                0x00000000080071f8                USBD_LL_Start
 .text.USBD_LL_OpenEP
                0x000000000800722e       0x4c ./USB_DEVICE/Target/usbd_conf.o
                0x000000000800722e                USBD_LL_OpenEP
 .text.USBD_LL_CloseEP
                0x000000000800727a       0x3e ./USB_DEVICE/Target/usbd_conf.o
                0x000000000800727a                USBD_LL_CloseEP
 .text.USBD_LL_StallEP
                0x00000000080072b8       0x3e ./USB_DEVICE/Target/usbd_conf.o
                0x00000000080072b8                USBD_LL_StallEP
 .text.USBD_LL_ClearStallEP
                0x00000000080072f6       0x3e ./USB_DEVICE/Target/usbd_conf.o
                0x00000000080072f6                USBD_LL_ClearStallEP
 .text.USBD_LL_IsStallEP
                0x0000000008007334       0x58 ./USB_DEVICE/Target/usbd_conf.o
                0x0000000008007334                USBD_LL_IsStallEP
 .text.USBD_LL_SetUSBAddress
                0x000000000800738c       0x3e ./USB_DEVICE/Target/usbd_conf.o
                0x000000000800738c                USBD_LL_SetUSBAddress
 .text.USBD_LL_Transmit
                0x00000000080073ca       0x46 ./USB_DEVICE/Target/usbd_conf.o
                0x00000000080073ca                USBD_LL_Transmit
 .text.USBD_LL_PrepareReceive
                0x0000000008007410       0x46 ./USB_DEVICE/Target/usbd_conf.o
                0x0000000008007410                USBD_LL_PrepareReceive
 .text.USBD_LL_GetRxDataSize
                0x0000000008007456       0x26 ./USB_DEVICE/Target/usbd_conf.o
                0x0000000008007456                USBD_LL_GetRxDataSize
 .text.USBD_static_malloc
                0x000000000800747c       0x18 ./USB_DEVICE/Target/usbd_conf.o
                0x000000000800747c                USBD_static_malloc
 .text.USBD_static_free
                0x0000000008007494       0x12 ./USB_DEVICE/Target/usbd_conf.o
                0x0000000008007494                USBD_static_free
 .text.HAL_PCDEx_SetConnectionState
                0x00000000080074a6       0x16 ./USB_DEVICE/Target/usbd_conf.o
                0x00000000080074a6                HAL_PCDEx_SetConnectionState
 .text.USBD_Get_USB_Status
                0x00000000080074bc       0x58 ./USB_DEVICE/Target/usbd_conf.o
 .text.__libc_init_array
                0x0000000008007514       0x48 /home/nikita/st/stm32cubeide_1.11.2/plugins/com.st.stm32cube.ide.mcu.externaltools.gnu-tools-for-stm32.10.3-2021.10.linux64_1.0.100.202210260954/tools/bin/../lib/gcc/arm-none-eabi/10.3.1/../../../../arm-none-eabi/lib/thumb/v7-m/nofp/libc_nano.a(lib_a-init.o)
                0x0000000008007514                __libc_init_array
 .text.memset   0x000000000800755c       0x10 /home/nikita/st/stm32cubeide_1.11.2/plugins/com.st.stm32cube.ide.mcu.externaltools.gnu-tools-for-stm32.10.3-2021.10.linux64_1.0.100.202210260954/tools/bin/../lib/gcc/arm-none-eabi/10.3.1/../../../../arm-none-eabi/lib/thumb/v7-m/nofp/libc_nano.a(lib_a-memset.o)
                0x000000000800755c                memset
 *(.glue_7)
 .glue_7        0x000000000800756c        0x0 linker stubs
 *(.glue_7t)
 .glue_7t       0x000000000800756c        0x0 linker stubs
 *(.eh_frame)
 .eh_frame      0x000000000800756c        0x0 /home/nikita/st/stm32cubeide_1.11.2/plugins/com.st.stm32cube.ide.mcu.externaltools.gnu-tools-for-stm32.10.3-2021.10.linux64_1.0.100.202210260954/tools/bin/../lib/gcc/arm-none-eabi/10.3.1/thumb/v7-m/nofp/crtbegin.o
 *(.init)
 .init          0x000000000800756c        0x4 /home/nikita/st/stm32cubeide_1.11.2/plugins/com.st.stm32cube.ide.mcu.externaltools.gnu-tools-for-stm32.10.3-2021.10.linux64_1.0.100.202210260954/tools/bin/../lib/gcc/arm-none-eabi/10.3.1/thumb/v7-m/nofp/crti.o
                0x000000000800756c                _init
 .init          0x0000000008007570        0x8 /home/nikita/st/stm32cubeide_1.11.2/plugins/com.st.stm32cube.ide.mcu.externaltools.gnu-tools-for-stm32.10.3-2021.10.linux64_1.0.100.202210260954/tools/bin/../lib/gcc/arm-none-eabi/10.3.1/thumb/v7-m/nofp/crtn.o
 *(.fini)
 .fini          0x0000000008007578        0x4 /home/nikita/st/stm32cubeide_1.11.2/plugins/com.st.stm32cube.ide.mcu.externaltools.gnu-tools-for-stm32.10.3-2021.10.linux64_1.0.100.202210260954/tools/bin/../lib/gcc/arm-none-eabi/10.3.1/thumb/v7-m/nofp/crti.o
                0x0000000008007578                _fini
 .fini          0x000000000800757c        0x8 /home/nikita/st/stm32cubeide_1.11.2/plugins/com.st.stm32cube.ide.mcu.externaltools.gnu-tools-for-stm32.10.3-2021.10.linux64_1.0.100.202210260954/tools/bin/../lib/gcc/arm-none-eabi/10.3.1/thumb/v7-m/nofp/crtn.o
                0x0000000008007584                . = ALIGN (0x4)
                0x0000000008007584                _etext = .

.vfp11_veneer   0x0000000008007584        0x0
 .vfp11_veneer  0x0000000008007584        0x0 linker stubs

.v4_bx          0x0000000008007584        0x0
 .v4_bx         0x0000000008007584        0x0 linker stubs

.iplt           0x0000000008007584        0x0
 .iplt          0x0000000008007584        0x0 /home/nikita/st/stm32cubeide_1.11.2/plugins/com.st.stm32cube.ide.mcu.externaltools.gnu-tools-for-stm32.10.3-2021.10.linux64_1.0.100.202210260954/tools/bin/../lib/gcc/arm-none-eabi/10.3.1/thumb/v7-m/nofp/crtbegin.o

.rodata         0x0000000008007584       0x70
                0x0000000008007584                . = ALIGN (0x4)
 *(.rodata)
 .rodata        0x0000000008007584        0x8 ./Core/Src/main.o
 .rodata        0x000000000800758c       0x10 ./Drivers/STM32F1xx_HAL_Driver/Src/stm32f1xx_hal_rcc.o
 .rodata        0x000000000800759c       0x46 ./USB_DEVICE/App/usbd_desc.o
 *(.rodata*)
 *fill*         0x00000000080075e2        0x2 
 .rodata.AHBPrescTable
                0x00000000080075e4       0x10 ./Core/Src/system_stm32f1xx.o
                0x00000000080075e4                AHBPrescTable
                0x00000000080075f4                . = ALIGN (0x4)

.rel.dyn        0x00000000080075f4        0x0
 .rel.iplt      0x00000000080075f4        0x0 /home/nikita/st/stm32cubeide_1.11.2/plugins/com.st.stm32cube.ide.mcu.externaltools.gnu-tools-for-stm32.10.3-2021.10.linux64_1.0.100.202210260954/tools/bin/../lib/gcc/arm-none-eabi/10.3.1/thumb/v7-m/nofp/crtbegin.o

.ARM.extab      0x00000000080075f4        0x0
                0x00000000080075f4                . = ALIGN (0x4)
 *(.ARM.extab* .gnu.linkonce.armextab.*)
                0x00000000080075f4                . = ALIGN (0x4)

.ARM            0x00000000080075f4        0x0
                0x00000000080075f4                . = ALIGN (0x4)
                0x00000000080075f4                __exidx_start = .
 *(.ARM.exidx*)
                0x00000000080075f4                __exidx_end = .
                0x00000000080075f4                . = ALIGN (0x4)

.preinit_array  0x00000000080075f4        0x0
                0x00000000080075f4                . = ALIGN (0x4)
                0x00000000080075f4                PROVIDE (__preinit_array_start = .)
 *(.preinit_array*)
                0x00000000080075f4                PROVIDE (__preinit_array_end = .)
                0x00000000080075f4                . = ALIGN (0x4)

.init_array     0x00000000080075f4        0x4
                0x00000000080075f4                . = ALIGN (0x4)
                0x00000000080075f4                PROVIDE (__init_array_start = .)
 *(SORT_BY_NAME(.init_array.*))
 *(.init_array*)
 .init_array    0x00000000080075f4        0x4 /home/nikita/st/stm32cubeide_1.11.2/plugins/com.st.stm32cube.ide.mcu.externaltools.gnu-tools-for-stm32.10.3-2021.10.linux64_1.0.100.202210260954/tools/bin/../lib/gcc/arm-none-eabi/10.3.1/thumb/v7-m/nofp/crtbegin.o
                0x00000000080075f8                PROVIDE (__init_array_end = .)
                0x00000000080075f8                . = ALIGN (0x4)

.fini_array     0x00000000080075f8        0x4
                0x00000000080075f8                . = ALIGN (0x4)
                [!provide]                        PROVIDE (__fini_array_start = .)
 *(SORT_BY_NAME(.fini_array.*))
 *(.fini_array*)
 .fini_array    0x00000000080075f8        0x4 /home/nikita/st/stm32cubeide_1.11.2/plugins/com.st.stm32cube.ide.mcu.externaltools.gnu-tools-for-stm32.10.3-2021.10.linux64_1.0.100.202210260954/tools/bin/../lib/gcc/arm-none-eabi/10.3.1/thumb/v7-m/nofp/crtbegin.o
                [!provide]                        PROVIDE (__fini_array_end = .)
                0x00000000080075fc                . = ALIGN (0x4)
                0x00000000080075fc                _sidata = LOADADDR (.data)

.data           0x0000000020000000      0x17c load address 0x00000000080075fc
                0x0000000020000000                . = ALIGN (0x4)
                0x0000000020000000                _sdata = .
 *(.data)
 *(.data*)
 .data.SystemCoreClock
                0x0000000020000000        0x4 ./Core/Src/system_stm32f1xx.o
                0x0000000020000000                SystemCoreClock
 .data.uwTickPrio
                0x0000000020000004        0x4 ./Drivers/STM32F1xx_HAL_Driver/Src/stm32f1xx_hal.o
                0x0000000020000004                uwTickPrio
 .data.uwTickFreq
                0x0000000020000008        0x1 ./Drivers/STM32F1xx_HAL_Driver/Src/stm32f1xx_hal.o
                0x0000000020000008                uwTickFreq
 *fill*         0x0000000020000009        0x3 
 .data.USBD_CDC_DeviceQualifierDesc
                0x000000002000000c        0xa ./Middlewares/ST/STM32_USB_Device_Library/Class/CDC/Src/usbd_cdc.o
 *fill*         0x0000000020000016        0x2 
 .data.USBD_CDC
                0x0000000020000018       0x38 ./Middlewares/ST/STM32_USB_Device_Library/Class/CDC/Src/usbd_cdc.o
                0x0000000020000018                USBD_CDC
 .data.USBD_CDC_CfgHSDesc
                0x0000000020000050       0x43 ./Middlewares/ST/STM32_USB_Device_Library/Class/CDC/Src/usbd_cdc.o
                0x0000000020000050                USBD_CDC_CfgHSDesc
 *fill*         0x0000000020000093        0x1 
 .data.USBD_CDC_CfgFSDesc
                0x0000000020000094       0x43 ./Middlewares/ST/STM32_USB_Device_Library/Class/CDC/Src/usbd_cdc.o
                0x0000000020000094                USBD_CDC_CfgFSDesc
 *fill*         0x00000000200000d7        0x1 
 .data.USBD_CDC_OtherSpeedCfgDesc
                0x00000000200000d8       0x43 ./Middlewares/ST/STM32_USB_Device_Library/Class/CDC/Src/usbd_cdc.o
                0x00000000200000d8                USBD_CDC_OtherSpeedCfgDesc
 *fill*         0x000000002000011b        0x1 
 .data.USBD_Interface_fops_FS
                0x000000002000011c       0x10 ./USB_DEVICE/App/usbd_cdc_if.o
                0x000000002000011c                USBD_Interface_fops_FS
 .data.FS_Desc  0x000000002000012c       0x1c ./USB_DEVICE/App/usbd_desc.o
                0x000000002000012c                FS_Desc
 .data.USBD_FS_DeviceDesc
                0x0000000020000148       0x12 ./USB_DEVICE/App/usbd_desc.o
                0x0000000020000148                USBD_FS_DeviceDesc
 *fill*         0x000000002000015a        0x2 
 .data.USBD_LangIDDesc
                0x000000002000015c        0x4 ./USB_DEVICE/App/usbd_desc.o
                0x000000002000015c                USBD_LangIDDesc
 .data.USBD_StringSerial
                0x0000000020000160       0x1a ./USB_DEVICE/App/usbd_desc.o
                0x0000000020000160                USBD_StringSerial
 *(.RamFunc)
 *(.RamFunc*)
                0x000000002000017c                . = ALIGN (0x4)
 *fill*         0x000000002000017a        0x2 
                0x000000002000017c                _edata = .

.igot.plt       0x000000002000017c        0x0 load address 0x0000000008007778
 .igot.plt      0x000000002000017c        0x0 /home/nikita/st/stm32cubeide_1.11.2/plugins/com.st.stm32cube.ide.mcu.externaltools.gnu-tools-for-stm32.10.3-2021.10.linux64_1.0.100.202210260954/tools/bin/../lib/gcc/arm-none-eabi/10.3.1/thumb/v7-m/nofp/crtbegin.o
                0x000000002000017c                . = ALIGN (0x4)

.bss            0x000000002000017c     0x11f4 load address 0x0000000008007778
                0x000000002000017c                _sbss = .
                0x000000002000017c                __bss_start__ = _sbss
 *(.bss)
 .bss           0x000000002000017c       0x1c /home/nikita/st/stm32cubeide_1.11.2/plugins/com.st.stm32cube.ide.mcu.externaltools.gnu-tools-for-stm32.10.3-2021.10.linux64_1.0.100.202210260954/tools/bin/../lib/gcc/arm-none-eabi/10.3.1/thumb/v7-m/nofp/crtbegin.o
 *(.bss*)
 .bss.uwTick    0x0000000020000198        0x4 ./Drivers/STM32F1xx_HAL_Driver/Src/stm32f1xx_hal.o
                0x0000000020000198                uwTick
 .bss.cfgidx.0  0x000000002000019c        0x1 ./Middlewares/ST/STM32_USB_Device_Library/Core/Src/usbd_ctlreq.o
 *fill*         0x000000002000019d        0x3 
 .bss.hUsbDeviceFS
                0x00000000200001a0      0x2c4 ./USB_DEVICE/App/usb_device.o
                0x00000000200001a0                hUsbDeviceFS
 .bss.UserRxBufferFS
                0x0000000020000464      0x400 ./USB_DEVICE/App/usbd_cdc_if.o
                0x0000000020000464                UserRxBufferFS
 .bss.UserTxBufferFS
                0x0000000020000864      0x400 ./USB_DEVICE/App/usbd_cdc_if.o
                0x0000000020000864                UserTxBufferFS
 .bss.USBD_StrDesc
                0x0000000020000c64      0x200 ./USB_DEVICE/App/usbd_desc.o
                0x0000000020000c64                USBD_StrDesc
 .bss.hpcd_USB_FS
                0x0000000020000e64      0x2ec ./USB_DEVICE/Target/usbd_conf.o
                0x0000000020000e64                hpcd_USB_FS
 .bss.mem.0     0x0000000020001150      0x220 ./USB_DEVICE/Target/usbd_conf.o
 *(COMMON)
                0x0000000020001370                . = ALIGN (0x4)
                0x0000000020001370                _ebss = .
                0x0000000020001370                __bss_end__ = _ebss

._user_heap_stack
                0x0000000020001370      0x600 load address 0x0000000008007778
                0x0000000020001370                . = ALIGN (0x8)
                [!provide]                        PROVIDE (end = .)
                0x0000000020001370                PROVIDE (_end = .)
                0x0000000020001570                . = (. + _Min_Heap_Size)
 *fill*         0x0000000020001370      0x200 
                0x0000000020001970                . = (. + _Min_Stack_Size)
 *fill*         0x0000000020001570      0x400 
                0x0000000020001970                . = ALIGN (0x8)

/DISCARD/
 libc.a(*)
 libm.a(*)
 libgcc.a(*)

.ARM.attributes
                0x0000000000000000       0x29
 *(.ARM.attributes)
 .ARM.attributes
                0x0000000000000000       0x1d /home/nikita/st/stm32cubeide_1.11.2/plugins/com.st.stm32cube.ide.mcu.externaltools.gnu-tools-for-stm32.10.3-2021.10.linux64_1.0.100.202210260954/tools/bin/../lib/gcc/arm-none-eabi/10.3.1/thumb/v7-m/nofp/crti.o
 .ARM.attributes
                0x000000000000001d       0x2d /home/nikita/st/stm32cubeide_1.11.2/plugins/com.st.stm32cube.ide.mcu.externaltools.gnu-tools-for-stm32.10.3-2021.10.linux64_1.0.100.202210260954/tools/bin/../lib/gcc/arm-none-eabi/10.3.1/thumb/v7-m/nofp/crtbegin.o
 .ARM.attributes
                0x000000000000004a       0x2d ./Core/Src/gpio.o
 .ARM.attributes
                0x0000000000000077       0x2d ./Core/Src/main.o
 .ARM.attributes
                0x00000000000000a4       0x2d ./Core/Src/stm32f1xx_hal_msp.o
 .ARM.attributes
                0x00000000000000d1       0x2d ./Core/Src/stm32f1xx_it.o
 .ARM.attributes
                0x00000000000000fe       0x2d ./Core/Src/system_stm32f1xx.o
 .ARM.attributes
                0x000000000000012b       0x21 ./Core/Startup/startup_stm32f103c8tx.o
 .ARM.attributes
                0x000000000000014c       0x2d ./Drivers/STM32F1xx_HAL_Driver/Src/stm32f1xx_hal.o
 .ARM.attributes
                0x0000000000000179       0x2d ./Drivers/STM32F1xx_HAL_Driver/Src/stm32f1xx_hal_cortex.o
 .ARM.attributes
                0x00000000000001a6       0x2d ./Drivers/STM32F1xx_HAL_Driver/Src/stm32f1xx_hal_pcd.o
 .ARM.attributes
                0x00000000000001d3       0x2d ./Drivers/STM32F1xx_HAL_Driver/Src/stm32f1xx_hal_pcd_ex.o
 .ARM.attributes
                0x0000000000000200       0x2d ./Drivers/STM32F1xx_HAL_Driver/Src/stm32f1xx_hal_rcc.o
 .ARM.attributes
                0x000000000000022d       0x2d ./Drivers/STM32F1xx_HAL_Driver/Src/stm32f1xx_hal_rcc_ex.o
 .ARM.attributes
                0x000000000000025a       0x2d ./Drivers/STM32F1xx_HAL_Driver/Src/stm32f1xx_ll_usb.o
 .ARM.attributes
                0x0000000000000287       0x2d ./Middlewares/ST/STM32_USB_Device_Library/Class/CDC/Src/usbd_cdc.o
 .ARM.attributes
                0x00000000000002b4       0x2d ./Middlewares/ST/STM32_USB_Device_Library/Core/Src/usbd_core.o
 .ARM.attributes
                0x00000000000002e1       0x2d ./Middlewares/ST/STM32_USB_Device_Library/Core/Src/usbd_ctlreq.o
 .ARM.attributes
                0x000000000000030e       0x2d ./Middlewares/ST/STM32_USB_Device_Library/Core/Src/usbd_ioreq.o
 .ARM.attributes
                0x000000000000033b       0x2d ./USB_DEVICE/App/usb_device.o
 .ARM.attributes
                0x0000000000000368       0x2d ./USB_DEVICE/App/usbd_cdc_if.o
 .ARM.attributes
                0x0000000000000395       0x2d ./USB_DEVICE/App/usbd_desc.o
 .ARM.attributes
                0x00000000000003c2       0x2d ./USB_DEVICE/Target/usbd_conf.o
 .ARM.attributes
                0x00000000000003ef       0x2d /home/nikita/st/stm32cubeide_1.11.2/plugins/com.st.stm32cube.ide.mcu.externaltools.gnu-tools-for-stm32.10.3-2021.10.linux64_1.0.100.202210260954/tools/bin/../lib/gcc/arm-none-eabi/10.3.1/../../../../arm-none-eabi/lib/thumb/v7-m/nofp/libc_nano.a(lib_a-init.o)
 .ARM.attributes
                0x000000000000041c       0x2d /home/nikita/st/stm32cubeide_1.11.2/plugins/com.st.stm32cube.ide.mcu.externaltools.gnu-tools-for-stm32.10.3-2021.10.linux64_1.0.100.202210260954/tools/bin/../lib/gcc/arm-none-eabi/10.3.1/../../../../arm-none-eabi/lib/thumb/v7-m/nofp/libc_nano.a(lib_a-memset.o)
 .ARM.attributes
                0x0000000000000449       0x1d /home/nikita/st/stm32cubeide_1.11.2/plugins/com.st.stm32cube.ide.mcu.externaltools.gnu-tools-for-stm32.10.3-2021.10.linux64_1.0.100.202210260954/tools/bin/../lib/gcc/arm-none-eabi/10.3.1/thumb/v7-m/nofp/crtn.o
OUTPUT(Qadracopter.elf elf32-littlearm)
LOAD linker stubs
LOAD /home/nikita/st/stm32cubeide_1.11.2/plugins/com.st.stm32cube.ide.mcu.externaltools.gnu-tools-for-stm32.10.3-2021.10.linux64_1.0.100.202210260954/tools/bin/../lib/gcc/arm-none-eabi/10.3.1/../../../../arm-none-eabi/lib/thumb/v7-m/nofp/libc.a
LOAD /home/nikita/st/stm32cubeide_1.11.2/plugins/com.st.stm32cube.ide.mcu.externaltools.gnu-tools-for-stm32.10.3-2021.10.linux64_1.0.100.202210260954/tools/bin/../lib/gcc/arm-none-eabi/10.3.1/../../../../arm-none-eabi/lib/thumb/v7-m/nofp/libm.a
LOAD /home/nikita/st/stm32cubeide_1.11.2/plugins/com.st.stm32cube.ide.mcu.externaltools.gnu-tools-for-stm32.10.3-2021.10.linux64_1.0.100.202210260954/tools/bin/../lib/gcc/arm-none-eabi/10.3.1/thumb/v7-m/nofp/libgcc.a

.debug_info     0x0000000000000000     0xbde2
 .debug_info    0x0000000000000000      0x180 ./Core/Src/gpio.o
 .debug_info    0x0000000000000180      0x396 ./Core/Src/main.o
 .debug_info    0x0000000000000516      0x180 ./Core/Src/stm32f1xx_hal_msp.o
 .debug_info    0x0000000000000696      0x661 ./Core/Src/stm32f1xx_it.o
 .debug_info    0x0000000000000cf7      0x23d ./Core/Src/system_stm32f1xx.o
 .debug_info    0x0000000000000f34       0x22 ./Core/Startup/startup_stm32f103c8tx.o
 .debug_info    0x0000000000000f56      0x734 ./Drivers/STM32F1xx_HAL_Driver/Src/stm32f1xx_hal.o
 .debug_info    0x000000000000168a      0xb20 ./Drivers/STM32F1xx_HAL_Driver/Src/stm32f1xx_hal_cortex.o
 .debug_info    0x00000000000021aa     0x16ab ./Drivers/STM32F1xx_HAL_Driver/Src/stm32f1xx_hal_pcd.o
 .debug_info    0x0000000000003855      0x728 ./Drivers/STM32F1xx_HAL_Driver/Src/stm32f1xx_hal_pcd_ex.o
 .debug_info    0x0000000000003f7d      0x860 ./Drivers/STM32F1xx_HAL_Driver/Src/stm32f1xx_hal_rcc.o
 .debug_info    0x00000000000047dd      0x3e0 ./Drivers/STM32F1xx_HAL_Driver/Src/stm32f1xx_hal_rcc_ex.o
 .debug_info    0x0000000000004bbd     0x190d ./Drivers/STM32F1xx_HAL_Driver/Src/stm32f1xx_ll_usb.o
 .debug_info    0x00000000000064ca     0x10f1 ./Middlewares/ST/STM32_USB_Device_Library/Class/CDC/Src/usbd_cdc.o
 .debug_info    0x00000000000075bb      0xb02 ./Middlewares/ST/STM32_USB_Device_Library/Core/Src/usbd_core.o
 .debug_info    0x00000000000080bd      0x9b6 ./Middlewares/ST/STM32_USB_Device_Library/Core/Src/usbd_ctlreq.o
 .debug_info    0x0000000000008a73      0x715 ./Middlewares/ST/STM32_USB_Device_Library/Core/Src/usbd_ioreq.o
 .debug_info    0x0000000000009188      0x679 ./USB_DEVICE/App/usb_device.o
 .debug_info    0x0000000000009801      0x828 ./USB_DEVICE/App/usbd_cdc_if.o
 .debug_info    0x000000000000a029      0x484 ./USB_DEVICE/App/usbd_desc.o
 .debug_info    0x000000000000a4ad     0x1935 ./USB_DEVICE/Target/usbd_conf.o

.debug_abbrev   0x0000000000000000     0x26ce
 .debug_abbrev  0x0000000000000000       0xc2 ./Core/Src/gpio.o
 .debug_abbrev  0x00000000000000c2      0x1ba ./Core/Src/main.o
 .debug_abbrev  0x000000000000027c       0xc2 ./Core/Src/stm32f1xx_hal_msp.o
 .debug_abbrev  0x000000000000033e      0x188 ./Core/Src/stm32f1xx_it.o
 .debug_abbrev  0x00000000000004c6      0x13b ./Core/Src/system_stm32f1xx.o
 .debug_abbrev  0x0000000000000601       0x12 ./Core/Startup/startup_stm32f103c8tx.o
 .debug_abbrev  0x0000000000000613      0x1fb ./Drivers/STM32F1xx_HAL_Driver/Src/stm32f1xx_hal.o
 .debug_abbrev  0x000000000000080e      0x2ed ./Drivers/STM32F1xx_HAL_Driver/Src/stm32f1xx_hal_cortex.o
 .debug_abbrev  0x0000000000000afb      0x2b9 ./Drivers/STM32F1xx_HAL_Driver/Src/stm32f1xx_hal_pcd.o
 .debug_abbrev  0x0000000000000db4      0x17f ./Drivers/STM32F1xx_HAL_Driver/Src/stm32f1xx_hal_pcd_ex.o
 .debug_abbrev  0x0000000000000f33      0x2a8 ./Drivers/STM32F1xx_HAL_Driver/Src/stm32f1xx_hal_rcc.o
 .debug_abbrev  0x00000000000011db      0x182 ./Drivers/STM32F1xx_HAL_Driver/Src/stm32f1xx_hal_rcc_ex.o
 .debug_abbrev  0x000000000000135d      0x1cd ./Drivers/STM32F1xx_HAL_Driver/Src/stm32f1xx_ll_usb.o
 .debug_abbrev  0x000000000000152a      0x2c0 ./Middlewares/ST/STM32_USB_Device_Library/Class/CDC/Src/usbd_cdc.o
 .debug_abbrev  0x00000000000017ea      0x236 ./Middlewares/ST/STM32_USB_Device_Library/Core/Src/usbd_core.o
 .debug_abbrev  0x0000000000001a20      0x257 ./Middlewares/ST/STM32_USB_Device_Library/Core/Src/usbd_ctlreq.o
 .debug_abbrev  0x0000000000001c77      0x183 ./Middlewares/ST/STM32_USB_Device_Library/Core/Src/usbd_ioreq.o
 .debug_abbrev  0x0000000000001dfa      0x183 ./USB_DEVICE/App/usb_device.o
 .debug_abbrev  0x0000000000001f7d      0x252 ./USB_DEVICE/App/usbd_cdc_if.o
 .debug_abbrev  0x00000000000021cf      0x1fa ./USB_DEVICE/App/usbd_desc.o
 .debug_abbrev  0x00000000000023c9      0x305 ./USB_DEVICE/Target/usbd_conf.o

.debug_aranges  0x0000000000000000      0xa20
 .debug_aranges
                0x0000000000000000       0x20 ./Core/Src/gpio.o
 .debug_aranges
                0x0000000000000020       0x30 ./Core/Src/main.o
 .debug_aranges
                0x0000000000000050       0x20 ./Core/Src/stm32f1xx_hal_msp.o
 .debug_aranges
                0x0000000000000070       0x68 ./Core/Src/stm32f1xx_it.o
 .debug_aranges
                0x00000000000000d8       0x28 ./Core/Src/system_stm32f1xx.o
 .debug_aranges
                0x0000000000000100       0x28 ./Core/Startup/startup_stm32f103c8tx.o
 .debug_aranges
                0x0000000000000128       0xe0 ./Drivers/STM32F1xx_HAL_Driver/Src/stm32f1xx_hal.o
 .debug_aranges
                0x0000000000000208      0x100 ./Drivers/STM32F1xx_HAL_Driver/Src/stm32f1xx_hal_cortex.o
 .debug_aranges
                0x0000000000000308      0x138 ./Drivers/STM32F1xx_HAL_Driver/Src/stm32f1xx_hal_pcd.o
 .debug_aranges
                0x0000000000000440       0x38 ./Drivers/STM32F1xx_HAL_Driver/Src/stm32f1xx_hal_pcd_ex.o
 .debug_aranges
                0x0000000000000478       0x90 ./Drivers/STM32F1xx_HAL_Driver/Src/stm32f1xx_hal_rcc.o
 .debug_aranges
                0x0000000000000508       0x30 ./Drivers/STM32F1xx_HAL_Driver/Src/stm32f1xx_hal_rcc_ex.o
 .debug_aranges
                0x0000000000000538       0xf0 ./Drivers/STM32F1xx_HAL_Driver/Src/stm32f1xx_ll_usb.o
 .debug_aranges
                0x0000000000000628       0x90 ./Middlewares/ST/STM32_USB_Device_Library/Class/CDC/Src/usbd_cdc.o
 .debug_aranges
                0x00000000000006b8       0xb8 ./Middlewares/ST/STM32_USB_Device_Library/Core/Src/usbd_core.o
 .debug_aranges
                0x0000000000000770       0x88 ./Middlewares/ST/STM32_USB_Device_Library/Core/Src/usbd_ctlreq.o
 .debug_aranges
                0x00000000000007f8       0x50 ./Middlewares/ST/STM32_USB_Device_Library/Core/Src/usbd_ioreq.o
 .debug_aranges
                0x0000000000000848       0x20 ./USB_DEVICE/App/usb_device.o
 .debug_aranges
                0x0000000000000868       0x40 ./USB_DEVICE/App/usbd_cdc_if.o
 .debug_aranges
                0x00000000000008a8       0x60 ./USB_DEVICE/App/usbd_desc.o
 .debug_aranges
                0x0000000000000908      0x118 ./USB_DEVICE/Target/usbd_conf.o

.debug_ranges   0x0000000000000000      0x8d8
 .debug_ranges  0x0000000000000000       0x10 ./Core/Src/gpio.o
 .debug_ranges  0x0000000000000010       0x20 ./Core/Src/main.o
 .debug_ranges  0x0000000000000030       0x10 ./Core/Src/stm32f1xx_hal_msp.o
 .debug_ranges  0x0000000000000040       0x58 ./Core/Src/stm32f1xx_it.o
 .debug_ranges  0x0000000000000098       0x18 ./Core/Src/system_stm32f1xx.o
 .debug_ranges  0x00000000000000b0       0x20 ./Core/Startup/startup_stm32f103c8tx.o
 .debug_ranges  0x00000000000000d0       0xd0 ./Drivers/STM32F1xx_HAL_Driver/Src/stm32f1xx_hal.o
 .debug_ranges  0x00000000000001a0       0xf0 ./Drivers/STM32F1xx_HAL_Driver/Src/stm32f1xx_hal_cortex.o
 .debug_ranges  0x0000000000000290      0x128 ./Drivers/STM32F1xx_HAL_Driver/Src/stm32f1xx_hal_pcd.o
 .debug_ranges  0x00000000000003b8       0x28 ./Drivers/STM32F1xx_HAL_Driver/Src/stm32f1xx_hal_pcd_ex.o
 .debug_ranges  0x00000000000003e0       0x80 ./Drivers/STM32F1xx_HAL_Driver/Src/stm32f1xx_hal_rcc.o
 .debug_ranges  0x0000000000000460       0x20 ./Drivers/STM32F1xx_HAL_Driver/Src/stm32f1xx_hal_rcc_ex.o
 .debug_ranges  0x0000000000000480       0xe0 ./Drivers/STM32F1xx_HAL_Driver/Src/stm32f1xx_ll_usb.o
 .debug_ranges  0x0000000000000560       0x80 ./Middlewares/ST/STM32_USB_Device_Library/Class/CDC/Src/usbd_cdc.o
 .debug_ranges  0x00000000000005e0       0xa8 ./Middlewares/ST/STM32_USB_Device_Library/Core/Src/usbd_core.o
 .debug_ranges  0x0000000000000688       0x78 ./Middlewares/ST/STM32_USB_Device_Library/Core/Src/usbd_ctlreq.o
 .debug_ranges  0x0000000000000700       0x40 ./Middlewares/ST/STM32_USB_Device_Library/Core/Src/usbd_ioreq.o
 .debug_ranges  0x0000000000000740       0x10 ./USB_DEVICE/App/usb_device.o
 .debug_ranges  0x0000000000000750       0x30 ./USB_DEVICE/App/usbd_cdc_if.o
 .debug_ranges  0x0000000000000780       0x50 ./USB_DEVICE/App/usbd_desc.o
 .debug_ranges  0x00000000000007d0      0x108 ./USB_DEVICE/Target/usbd_conf.o

.debug_macro    0x0000000000000000    0x1957b
 .debug_macro   0x0000000000000000      0x1bc ./Core/Src/gpio.o
 .debug_macro   0x00000000000001bc      0xa6c ./Core/Src/gpio.o
 .debug_macro   0x0000000000000c28      0x215 ./Core/Src/gpio.o
 .debug_macro   0x0000000000000e3d       0x2e ./Core/Src/gpio.o
 .debug_macro   0x0000000000000e6b       0x22 ./Core/Src/gpio.o
 .debug_macro   0x0000000000000e8d       0x22 ./Core/Src/gpio.o
 .debug_macro   0x0000000000000eaf       0x8e ./Core/Src/gpio.o
 .debug_macro   0x0000000000000f3d       0x51 ./Core/Src/gpio.o
 .debug_macro   0x0000000000000f8e      0x103 ./Core/Src/gpio.o
 .debug_macro   0x0000000000001091       0x6a ./Core/Src/gpio.o
 .debug_macro   0x00000000000010fb      0x1df ./Core/Src/gpio.o
 .debug_macro   0x00000000000012da       0x1c ./Core/Src/gpio.o
 .debug_macro   0x00000000000012f6       0x22 ./Core/Src/gpio.o
 .debug_macro   0x0000000000001318       0xbd ./Core/Src/gpio.o
 .debug_macro   0x00000000000013d5      0xd23 ./Core/Src/gpio.o
 .debug_macro   0x00000000000020f8     0xe09e ./Core/Src/gpio.o
 .debug_macro   0x0000000000010196       0x6d ./Core/Src/gpio.o
 .debug_macro   0x0000000000010203     0x3468 ./Core/Src/gpio.o
 .debug_macro   0x000000000001366b      0x174 ./Core/Src/gpio.o
 .debug_macro   0x00000000000137df       0x5c ./Core/Src/gpio.o
 .debug_macro   0x000000000001383b      0x5be ./Core/Src/gpio.o
 .debug_macro   0x0000000000013df9      0x289 ./Core/Src/gpio.o
 .debug_macro   0x0000000000014082      0x1cb ./Core/Src/gpio.o
 .debug_macro   0x000000000001424d      0x114 ./Core/Src/gpio.o
 .debug_macro   0x0000000000014361      0x1b2 ./Core/Src/gpio.o
 .debug_macro   0x0000000000014513       0x27 ./Core/Src/gpio.o
 .debug_macro   0x000000000001453a      0x136 ./Core/Src/gpio.o
 .debug_macro   0x0000000000014670      0x1bc ./Core/Src/gpio.o
 .debug_macro   0x000000000001482c       0x34 ./Core/Src/gpio.o
 .debug_macro   0x0000000000014860       0x3c ./Core/Src/gpio.o
 .debug_macro   0x000000000001489c       0x57 ./Core/Src/gpio.o
 .debug_macro   0x00000000000148f3       0x88 ./Core/Src/gpio.o
 .debug_macro   0x000000000001497b      0x241 ./Core/Src/gpio.o
 .debug_macro   0x0000000000014bbc      0x141 ./Core/Src/gpio.o
 .debug_macro   0x0000000000014cfd       0x65 ./Core/Src/gpio.o
 .debug_macro   0x0000000000014d62      0x249 ./Core/Src/gpio.o
 .debug_macro   0x0000000000014fab       0x83 ./Core/Src/gpio.o
 .debug_macro   0x000000000001502e      0x3ef ./Core/Src/main.o
 .debug_macro   0x000000000001541d       0x52 ./Core/Src/main.o
 .debug_macro   0x000000000001546f       0x18 ./Core/Src/main.o
 .debug_macro   0x0000000000015487       0x3c ./Core/Src/main.o
 .debug_macro   0x00000000000154c3       0x34 ./Core/Src/main.o
 .debug_macro   0x00000000000154f7       0x16 ./Core/Src/main.o
 .debug_macro   0x000000000001550d       0x35 ./Core/Src/main.o
 .debug_macro   0x0000000000015542      0x341 ./Core/Src/main.o
 .debug_macro   0x0000000000015883       0x10 ./Core/Src/main.o
 .debug_macro   0x0000000000015893       0x16 ./Core/Src/main.o
 .debug_macro   0x00000000000158a9       0x43 ./Core/Src/main.o
 .debug_macro   0x00000000000158ec       0x34 ./Core/Src/main.o
 .debug_macro   0x0000000000015920       0x10 ./Core/Src/main.o
 .debug_macro   0x0000000000015930       0x58 ./Core/Src/main.o
 .debug_macro   0x0000000000015988       0x71 ./Core/Src/main.o
 .debug_macro   0x00000000000159f9       0x1c ./Core/Src/main.o
 .debug_macro   0x0000000000015a15      0x12a ./Core/Src/main.o
 .debug_macro   0x0000000000015b3f       0x10 ./Core/Src/main.o
 .debug_macro   0x0000000000015b4f       0x1c ./Core/Src/main.o
 .debug_macro   0x0000000000015b6b       0x52 ./Core/Src/main.o
 .debug_macro   0x0000000000015bbd       0x22 ./Core/Src/main.o
 .debug_macro   0x0000000000015bdf       0x10 ./Core/Src/main.o
 .debug_macro   0x0000000000015bef       0x52 ./Core/Src/main.o
 .debug_macro   0x0000000000015c41       0xd5 ./Core/Src/main.o
 .debug_macro   0x0000000000015d16       0x1c ./Core/Src/main.o
 .debug_macro   0x0000000000015d32       0x3d ./Core/Src/main.o
 .debug_macro   0x0000000000015d6f       0x16 ./Core/Src/main.o
 .debug_macro   0x0000000000015d85      0x145 ./Core/Src/main.o
 .debug_macro   0x0000000000015eca       0x16 ./Core/Src/main.o
 .debug_macro   0x0000000000015ee0       0x16 ./Core/Src/main.o
 .debug_macro   0x0000000000015ef6       0x29 ./Core/Src/main.o
 .debug_macro   0x0000000000015f1f       0x16 ./Core/Src/main.o
 .debug_macro   0x0000000000015f35       0x20 ./Core/Src/main.o
 .debug_macro   0x0000000000015f55       0x5f ./Core/Src/main.o
 .debug_macro   0x0000000000015fb4      0x1c8 ./Core/Src/main.o
 .debug_macro   0x000000000001617c       0x8f ./Core/Src/main.o
 .debug_macro   0x000000000001620b       0x16 ./Core/Src/main.o
 .debug_macro   0x0000000000016221      0x1b2 ./Core/Src/stm32f1xx_hal_msp.o
 .debug_macro   0x00000000000163d3      0x1bc ./Core/Src/stm32f1xx_it.o
 .debug_macro   0x000000000001658f      0x1a8 ./Core/Src/system_stm32f1xx.o
 .debug_macro   0x0000000000016737      0x1cc ./Drivers/STM32F1xx_HAL_Driver/Src/stm32f1xx_hal.o
 .debug_macro   0x0000000000016903      0x1a8 ./Drivers/STM32F1xx_HAL_Driver/Src/stm32f1xx_hal_cortex.o
 .debug_macro   0x0000000000016aab      0x1b4 ./Drivers/STM32F1xx_HAL_Driver/Src/stm32f1xx_hal_pcd.o
 .debug_macro   0x0000000000016c5f      0x1a8 ./Drivers/STM32F1xx_HAL_Driver/Src/stm32f1xx_hal_pcd_ex.o
 .debug_macro   0x0000000000016e07      0x1ba ./Drivers/STM32F1xx_HAL_Driver/Src/stm32f1xx_hal_rcc.o
 .debug_macro   0x0000000000016fc1      0x1a8 ./Drivers/STM32F1xx_HAL_Driver/Src/stm32f1xx_hal_rcc_ex.o
 .debug_macro   0x0000000000017169      0x1a8 ./Drivers/STM32F1xx_HAL_Driver/Src/stm32f1xx_ll_usb.o
 .debug_macro   0x0000000000017311      0x3c8 ./Middlewares/ST/STM32_USB_Device_Library/Class/CDC/Src/usbd_cdc.o
 .debug_macro   0x00000000000176d9       0x97 ./Middlewares/ST/STM32_USB_Device_Library/Class/CDC/Src/usbd_cdc.o
 .debug_macro   0x0000000000017770       0xfd ./Middlewares/ST/STM32_USB_Device_Library/Class/CDC/Src/usbd_cdc.o
 .debug_macro   0x000000000001786d       0x56 ./Middlewares/ST/STM32_USB_Device_Library/Class/CDC/Src/usbd_cdc.o
 .debug_macro   0x00000000000178c3      0x3af ./Middlewares/ST/STM32_USB_Device_Library/Core/Src/usbd_core.o
 .debug_macro   0x0000000000017c72      0x1ce ./Middlewares/ST/STM32_USB_Device_Library/Core/Src/usbd_core.o
 .debug_macro   0x0000000000017e40      0x3b9 ./Middlewares/ST/STM32_USB_Device_Library/Core/Src/usbd_ctlreq.o
 .debug_macro   0x00000000000181f9      0x3b5 ./Middlewares/ST/STM32_USB_Device_Library/Core/Src/usbd_ioreq.o
 .debug_macro   0x00000000000185ae      0x3ee ./USB_DEVICE/App/usb_device.o
 .debug_macro   0x000000000001899c       0x22 ./USB_DEVICE/App/usb_device.o
 .debug_macro   0x00000000000189be      0x3d3 ./USB_DEVICE/App/usbd_cdc_if.o
 .debug_macro   0x0000000000018d91       0x10 ./USB_DEVICE/App/usbd_cdc_if.o
 .debug_macro   0x0000000000018da1      0x3ec ./USB_DEVICE/App/usbd_desc.o
 .debug_macro   0x000000000001918d       0x1c ./USB_DEVICE/App/usbd_desc.o
 .debug_macro   0x00000000000191a9      0x3d2 ./USB_DEVICE/Target/usbd_conf.o

.debug_line     0x0000000000000000     0xda80
 .debug_line    0x0000000000000000      0x670 ./Core/Src/gpio.o
 .debug_line    0x0000000000000670      0xa4e ./Core/Src/main.o
 .debug_line    0x00000000000010be      0x673 ./Core/Src/stm32f1xx_hal_msp.o
 .debug_line    0x0000000000001731      0x74e ./Core/Src/stm32f1xx_it.o
 .debug_line    0x0000000000001e7f      0x6f2 ./Core/Src/system_stm32f1xx.o
 .debug_line    0x0000000000002571       0x87 ./Core/Startup/startup_stm32f103c8tx.o
 .debug_line    0x00000000000025f8      0x91f ./Drivers/STM32F1xx_HAL_Driver/Src/stm32f1xx_hal.o
 .debug_line    0x0000000000002f17      0xb07 ./Drivers/STM32F1xx_HAL_Driver/Src/stm32f1xx_hal_cortex.o
 .debug_line    0x0000000000003a1e     0x130d ./Drivers/STM32F1xx_HAL_Driver/Src/stm32f1xx_hal_pcd.o
 .debug_line    0x0000000000004d2b      0x6ed ./Drivers/STM32F1xx_HAL_Driver/Src/stm32f1xx_hal_pcd_ex.o
 .debug_line    0x0000000000005418      0xd2d ./Drivers/STM32F1xx_HAL_Driver/Src/stm32f1xx_hal_rcc.o
 .debug_line    0x0000000000006145      0x86b ./Drivers/STM32F1xx_HAL_Driver/Src/stm32f1xx_hal_rcc_ex.o
 .debug_line    0x00000000000069b0     0x1052 ./Drivers/STM32F1xx_HAL_Driver/Src/stm32f1xx_ll_usb.o
 .debug_line    0x0000000000007a02      0xcff ./Middlewares/ST/STM32_USB_Device_Library/Class/CDC/Src/usbd_cdc.o
 .debug_line    0x0000000000008701      0xd7f ./Middlewares/ST/STM32_USB_Device_Library/Core/Src/usbd_core.o
 .debug_line    0x0000000000009480      0xfa1 ./Middlewares/ST/STM32_USB_Device_Library/Core/Src/usbd_ctlreq.o
 .debug_line    0x000000000000a421      0xa15 ./Middlewares/ST/STM32_USB_Device_Library/Core/Src/usbd_ioreq.o
 .debug_line    0x000000000000ae36      0x9d5 ./USB_DEVICE/App/usb_device.o
 .debug_line    0x000000000000b80b      0xa1d ./USB_DEVICE/App/usbd_cdc_if.o
 .debug_line    0x000000000000c228      0xa9e ./USB_DEVICE/App/usbd_desc.o
 .debug_line    0x000000000000ccc6      0xdba ./USB_DEVICE/Target/usbd_conf.o

.debug_str      0x0000000000000000    0x84518
 .debug_str     0x0000000000000000    0x7d044 ./Core/Src/gpio.o
                                      0x7d373 (size before relaxing)
 .debug_str     0x000000000007d044     0x4dce ./Core/Src/main.o
                                      0x8215b (size before relaxing)
 .debug_str     0x0000000000081e12       0x2c ./Core/Src/stm32f1xx_hal_msp.o
                                      0x7d373 (size before relaxing)
 .debug_str     0x0000000000081e3e      0x412 ./Core/Src/stm32f1xx_it.o
                                      0x7d775 (size before relaxing)
 .debug_str     0x0000000000082250       0x7e ./Core/Src/system_stm32f1xx.o
                                      0x7d3cc (size before relaxing)
 .debug_str     0x00000000000822ce       0x36 ./Core/Startup/startup_stm32f103c8tx.o
                                         0x6c (size before relaxing)
 .debug_str     0x0000000000082304      0x607 ./Drivers/STM32F1xx_HAL_Driver/Src/stm32f1xx_hal.o
                                      0x7daff (size before relaxing)
 .debug_str     0x000000000008290b      0x293 ./Drivers/STM32F1xx_HAL_Driver/Src/stm32f1xx_hal_cortex.o
                                      0x7da4b (size before relaxing)
 .debug_str     0x0000000000082b9e      0x590 ./Drivers/STM32F1xx_HAL_Driver/Src/stm32f1xx_hal_pcd.o
                                      0x7dca4 (size before relaxing)
 .debug_str     0x000000000008312e      0x170 ./Drivers/STM32F1xx_HAL_Driver/Src/stm32f1xx_hal_pcd_ex.o
                                      0x7d840 (size before relaxing)
 .debug_str     0x000000000008329e      0x264 ./Drivers/STM32F1xx_HAL_Driver/Src/stm32f1xx_hal_rcc.o
                                      0x7d7fb (size before relaxing)
 .debug_str     0x0000000000083502       0x9f ./Drivers/STM32F1xx_HAL_Driver/Src/stm32f1xx_hal_rcc_ex.o
                                      0x7d54b (size before relaxing)
 .debug_str     0x00000000000835a1      0x12e ./Drivers/STM32F1xx_HAL_Driver/Src/stm32f1xx_ll_usb.o
                                      0x7d873 (size before relaxing)
 .debug_str     0x00000000000836cf      0x645 ./Middlewares/ST/STM32_USB_Device_Library/Class/CDC/Src/usbd_cdc.o
                                      0x828e8 (size before relaxing)
 .debug_str     0x0000000000083d14      0x281 ./Middlewares/ST/STM32_USB_Device_Library/Core/Src/usbd_core.o
                                      0x82223 (size before relaxing)
 .debug_str     0x0000000000083f95      0x120 ./Middlewares/ST/STM32_USB_Device_Library/Core/Src/usbd_ctlreq.o
                                      0x8213d (size before relaxing)
 .debug_str     0x00000000000840b5       0x51 ./Middlewares/ST/STM32_USB_Device_Library/Core/Src/usbd_ioreq.o
                                      0x8206a (size before relaxing)
 .debug_str     0x0000000000084106       0xc6 ./USB_DEVICE/App/usb_device.o
                                      0x823f5 (size before relaxing)
 .debug_str     0x00000000000841cc       0x7d ./USB_DEVICE/App/usbd_cdc_if.o
                                      0x8241b (size before relaxing)
 .debug_str     0x0000000000084249      0x257 ./USB_DEVICE/App/usbd_desc.o
                                      0x81fa5 (size before relaxing)
 .debug_str     0x00000000000844a0       0x78 ./USB_DEVICE/Target/usbd_conf.o
                                      0x82e75 (size before relaxing)

.comment        0x0000000000000000       0x50
 .comment       0x0000000000000000       0x50 ./Core/Src/gpio.o
                                         0x51 (size before relaxing)
 .comment       0x0000000000000050       0x51 ./Core/Src/main.o
 .comment       0x0000000000000050       0x51 ./Core/Src/stm32f1xx_hal_msp.o
 .comment       0x0000000000000050       0x51 ./Core/Src/stm32f1xx_it.o
 .comment       0x0000000000000050       0x51 ./Core/Src/system_stm32f1xx.o
 .comment       0x0000000000000050       0x51 ./Drivers/STM32F1xx_HAL_Driver/Src/stm32f1xx_hal.o
 .comment       0x0000000000000050       0x51 ./Drivers/STM32F1xx_HAL_Driver/Src/stm32f1xx_hal_cortex.o
 .comment       0x0000000000000050       0x51 ./Drivers/STM32F1xx_HAL_Driver/Src/stm32f1xx_hal_pcd.o
 .comment       0x0000000000000050       0x51 ./Drivers/STM32F1xx_HAL_Driver/Src/stm32f1xx_hal_pcd_ex.o
 .comment       0x0000000000000050       0x51 ./Drivers/STM32F1xx_HAL_Driver/Src/stm32f1xx_hal_rcc.o
 .comment       0x0000000000000050       0x51 ./Drivers/STM32F1xx_HAL_Driver/Src/stm32f1xx_hal_rcc_ex.o
 .comment       0x0000000000000050       0x51 ./Drivers/STM32F1xx_HAL_Driver/Src/stm32f1xx_ll_usb.o
 .comment       0x0000000000000050       0x51 ./Middlewares/ST/STM32_USB_Device_Library/Class/CDC/Src/usbd_cdc.o
 .comment       0x0000000000000050       0x51 ./Middlewares/ST/STM32_USB_Device_Library/Core/Src/usbd_core.o
 .comment       0x0000000000000050       0x51 ./Middlewares/ST/STM32_USB_Device_Library/Core/Src/usbd_ctlreq.o
 .comment       0x0000000000000050       0x51 ./Middlewares/ST/STM32_USB_Device_Library/Core/Src/usbd_ioreq.o
 .comment       0x0000000000000050       0x51 ./USB_DEVICE/App/usb_device.o
 .comment       0x0000000000000050       0x51 ./USB_DEVICE/App/usbd_cdc_if.o
 .comment       0x0000000000000050       0x51 ./USB_DEVICE/App/usbd_desc.o
 .comment       0x0000000000000050       0x51 ./USB_DEVICE/Target/usbd_conf.o

.debug_frame    0x0000000000000000     0x2668
 .debug_frame   0x0000000000000000       0x38 ./Core/Src/gpio.o
 .debug_frame   0x0000000000000038       0x68 ./Core/Src/main.o
 .debug_frame   0x00000000000000a0       0x38 ./Core/Src/stm32f1xx_hal_msp.o
 .debug_frame   0x00000000000000d8      0x120 ./Core/Src/stm32f1xx_it.o
 .debug_frame   0x00000000000001f8       0x58 ./Core/Src/system_stm32f1xx.o
 .debug_frame   0x0000000000000250      0x334 ./Drivers/STM32F1xx_HAL_Driver/Src/stm32f1xx_hal.o
 .debug_frame   0x0000000000000584      0x428 ./Drivers/STM32F1xx_HAL_Driver/Src/stm32f1xx_hal_cortex.o
 .debug_frame   0x00000000000009ac      0x578 ./Drivers/STM32F1xx_HAL_Driver/Src/stm32f1xx_hal_pcd.o
 .debug_frame   0x0000000000000f24       0xb0 ./Drivers/STM32F1xx_HAL_Driver/Src/stm32f1xx_hal_pcd_ex.o
 .debug_frame   0x0000000000000fd4      0x21c ./Drivers/STM32F1xx_HAL_Driver/Src/stm32f1xx_hal_rcc.o
 .debug_frame   0x00000000000011f0       0x84 ./Drivers/STM32F1xx_HAL_Driver/Src/stm32f1xx_hal_rcc_ex.o
 .debug_frame   0x0000000000001274      0x450 ./Drivers/STM32F1xx_HAL_Driver/Src/stm32f1xx_ll_usb.o
 .debug_frame   0x00000000000016c4      0x248 ./Middlewares/ST/STM32_USB_Device_Library/Class/CDC/Src/usbd_cdc.o
 .debug_frame   0x000000000000190c      0x300 ./Middlewares/ST/STM32_USB_Device_Library/Core/Src/usbd_core.o
 .debug_frame   0x0000000000001c0c      0x218 ./Middlewares/ST/STM32_USB_Device_Library/Core/Src/usbd_ctlreq.o
 .debug_frame   0x0000000000001e24      0x10c ./Middlewares/ST/STM32_USB_Device_Library/Core/Src/usbd_ioreq.o
 .debug_frame   0x0000000000001f30       0x2c ./USB_DEVICE/App/usb_device.o
 .debug_frame   0x0000000000001f5c       0xbc ./USB_DEVICE/App/usbd_cdc_if.o
 .debug_frame   0x0000000000002018      0x160 ./USB_DEVICE/App/usbd_desc.o
 .debug_frame   0x0000000000002178      0x4a4 ./USB_DEVICE/Target/usbd_conf.o
 .debug_frame   0x000000000000261c       0x2c /home/nikita/st/stm32cubeide_1.11.2/plugins/com.st.stm32cube.ide.mcu.externaltools.gnu-tools-for-stm32.10.3-2021.10.linux64_1.0.100.202210260954/tools/bin/../lib/gcc/arm-none-eabi/10.3.1/../../../../arm-none-eabi/lib/thumb/v7-m/nofp/libc_nano.a(lib_a-init.o)
 .debug_frame   0x0000000000002648       0x20 /home/nikita/st/stm32cubeide_1.11.2/plugins/com.st.stm32cube.ide.mcu.externaltools.gnu-tools-for-stm32.10.3-2021.10.linux64_1.0.100.202210260954/tools/bin/../lib/gcc/arm-none-eabi/10.3.1/../../../../arm-none-eabi/lib/thumb/v7-m/nofp/libc_nano.a(lib_a-memset.o)
