00:59:15 **** Incremental Build of configuration Debug for project Quadrocopter ****
make -j24 all 
arm-none-eabi-g++ "../Core/Src/main.cpp" -mcpu=cortex-m3 -std=gnu++14 -g3 -DDEBUG -DUSE_HAL_DRIVER -DSTM32F100xB -c -I../Core/Inc -I../Drivers/STM32F1xx_HAL_Driver/Inc/Legacy -I../Drivers/STM32F1xx_HAL_Driver/Inc -I../Drivers/CMSIS/Device/ST/STM32F1xx/Include -I../Drivers/CMSIS/Include -O0 -ffunction-sections -fdata-sections -fno-exceptions -fno-rtti -fno-use-cxa-atexit -Wall -fstack-usage -MMD -MP -MF"Core/Src/main.d" -MT"Core/Src/main.o" --specs=nano.specs -mfloat-abi=soft -mthumb -o "Core/Src/main.o"
arm-none-eabi-g++ -o "Quadrocopter.elf" @"objects.list"   -mcpu=cortex-m3 -T"/home/nikita/Documents/Quadrocopter/Quadrocopter/STM32F100RBTX_FLASH.ld" --specs=nosys.specs -Wl,-Map="Quadrocopter.map" -Wl,--gc-sections -static --specs=nano.specs -mfloat-abi=soft -mthumb -Wl,--start-group -lc -lm -lstdc++ -lsupc++ -Wl,--end-group
Finished building target: Quadrocopter.elf
 
arm-none-eabi-size   Quadrocopter.elf 
arm-none-eabi-objdump -h -S  Quadrocopter.elf  > "Quadrocopter.list"
   text	   data	    bss	    dec	    hex	filename
  15364	     24	   1724	  17112	   42d8	Quadrocopter.elf
Finished building: default.size.stdout
 
Finished building: Quadrocopter.list
 

00:59:15 Build Finished. 0 errors, 0 warnings. (took 220ms)

